ARM Linker, 5.02 [Build 28] [MDK-ARM Lite]

==============================================================================

Section Cross References

    startup_lpc17xx.o(STACK) refers (Special) to heapauxi.o(.text) for __use_two_region_memory
    startup_lpc17xx.o(HEAP) refers (Special) to heapauxi.o(.text) for __use_two_region_memory
    startup_lpc17xx.o(RESET) refers (Special) to heapauxi.o(.text) for __use_two_region_memory
    startup_lpc17xx.o(RESET) refers to startup_lpc17xx.o(STACK) for __initial_sp
    startup_lpc17xx.o(RESET) refers to startup_lpc17xx.o(.text) for Reset_Handler
    startup_lpc17xx.o(RESET) refers to hal_cm3.o(.emb_text) for SVC_Handler
    startup_lpc17xx.o(RESET) refers to uart.o(.text) for UART0_IRQHandler
    startup_lpc17xx.o(RESET) refers to bestgameever.o(.text) for EINT3_IRQHandler
    startup_lpc17xx.o(.ARM.__at_0x02FC) refers (Special) to heapauxi.o(.text) for __use_two_region_memory
    startup_lpc17xx.o(.text) refers (Special) to heapauxi.o(.text) for __use_two_region_memory
    startup_lpc17xx.o(.text) refers to system_lpc17xx.o(.text) for SystemInit
    startup_lpc17xx.o(.text) refers to __main.o(!!!main) for __main
    startup_lpc17xx.o(.text) refers to startup_lpc17xx.o(HEAP) for Heap_Mem
    startup_lpc17xx.o(.text) refers to startup_lpc17xx.o(STACK) for Stack_Mem
    bestgameever.o(.text) refers to h1_alloc_mt.o(.text) for malloc
    bestgameever.o(.text) refers to glcd_spi_lpc1700.o(.text) for GLCD_Bitmap
    bestgameever.o(.text) refers to h1_free_mt.o(.text) for free
    bestgameever.o(.text) refers to bestgameever.o(.data) for erase_bitmap
    bestgameever.o(.text) refers to rt_time.o(i.rt_dly_wait) for rt_dly_wait
    bestgameever.o(.text) refers to rt_task.o(i.rt_tsk_create) for rt_tsk_create
    bestgameever.o(.text) refers to system_lpc17xx.o(.text) for SystemInit
    bestgameever.o(.text) refers to hal_cm3.o(.emb_text) for os_set_env
    bestgameever.o(.text) refers to rt_task.o(i.rt_tsk_prio) for rt_tsk_prio
    bestgameever.o(.text) refers to rt_task.o(i.rt_sys_init) for rt_sys_init
    uart.o(.text) refers to uart.o(.data) for RcvLock0
    uart.o(.text) refers to uart.o(.bss) for UART0Buffer
    uart.o(.text) refers to system_lpc17xx.o(.data) for SystemCoreClock
    system_lpc17xx.o(.text) refers to lludivv7m.o(.text) for __aeabi_uldivmod
    system_lpc17xx.o(.text) refers to system_lpc17xx.o(.data) for SystemCoreClock
    glcd_scroll.o(.text) refers to glcd_spi_lpc1700.o(.text) for GLCD_Init
    glcd_scroll.o(.text) refers to glcd_scroll.o(i.last_line) for last_line
    glcd_scroll.o(.text) refers to glcd_scroll.o(i.last_window_line) for last_window_line
    glcd_scroll.o(.text) refers to glcd_scroll.o(.data) for cache_start
    glcd_scroll.o(.text) refers to glcd_scroll.o(.bss) for chache
    glcd_spi_lpc1700.o(.text) refers to glcd_spi_lpc1700.o(.data) for Himax
    glcd_spi_lpc1700.o(.text) refers to glcd_spi_lpc1700.o(.constdata) for Font_6x8_h
    retarget.o(.text) refers (Special) to use_no_semi.o(.text) for __use_no_semihosting_swi
    retarget.o(.text) refers to glcd_scroll.o(.text) for append_char
    retarget.o(.data) refers (Special) to use_no_semi.o(.text) for __use_no_semihosting_swi
    rtx_conf_cm.o(.text) refers to rt_task.o(i.rt_tsk_self) for rt_tsk_self
    rtx_conf_cm.o(.text) refers to rt_mutex.o(i.rt_mut_init) for rt_mut_init
    rtx_conf_cm.o(.text) refers to rtx_conf_cm.o(.bss) for .bss
    rtx_conf_cm.o(.text) refers to libspace.o(.bss) for __libspace_start
    rtx_conf_cm.o(.text) refers to rtx_conf_cm.o(.data) for .data
    rtx_conf_cm.o(.text) refers to rt_mutex.o(i.rt_mut_wait) for rt_mut_wait
    rtx_conf_cm.o(.text) refers to rt_mutex.o(i.rt_mut_release) for rt_mut_release
    rt_task.o(i.rt_block) refers to rt_list.o(i.rt_put_dly) for rt_put_dly
    rt_task.o(i.rt_block) refers to rt_list.o(i.rt_get_first) for rt_get_first
    rt_task.o(i.rt_block) refers to rt_task.o(i.rt_switch_req) for rt_switch_req
    rt_task.o(i.rt_block) refers to rt_task.o(.data) for .data
    rt_task.o(i.rt_block) refers to rt_list.o(.bss) for os_rdy
    rt_task.o(i.rt_dispatch) refers to rt_list.o(i.rt_put_rdy_first) for rt_put_rdy_first
    rt_task.o(i.rt_dispatch) refers to rt_task.o(i.rt_switch_req) for rt_switch_req
    rt_task.o(i.rt_dispatch) refers to rt_list.o(i.rt_get_first) for rt_get_first
    rt_task.o(i.rt_dispatch) refers to rt_list.o(i.rt_put_prio) for rt_put_prio
    rt_task.o(i.rt_dispatch) refers to rt_task.o(.data) for .data
    rt_task.o(i.rt_dispatch) refers to rt_list.o(.bss) for os_rdy
    rt_task.o(i.rt_init_context) refers to rt_membox.o(i.rt_alloc_box) for rt_alloc_box
    rt_task.o(i.rt_init_context) refers to hal_cm3.o(i.rt_init_stack) for rt_init_stack
    rt_task.o(i.rt_init_context) refers to rtx_conf_cm.o(.bss) for mp_stk
    rt_task.o(i.rt_switch_req) refers to hal_cm3.o(i.dbg_task_switch) for dbg_task_switch
    rt_task.o(i.rt_switch_req) refers to rt_task.o(.data) for .data
[...]
    libinit2.o(.ARM.Collect$$libinit$$00000010) refers to libinit2.o(.ARM.Collect$$libinit$$0000000D) for .ARM.Collect$$libinit$$0000000D
    libinit2.o(.ARM.Collect$$libinit$$00000012) refers to libinit2.o(.ARM.Collect$$libinit$$0000000D) for .ARM.Collect$$libinit$$0000000D
    libinit2.o(.ARM.Collect$$libinit$$00000014) refers to libinit2.o(.ARM.Collect$$libinit$$0000000D) for .ARM.Collect$$libinit$$0000000D
    libinit2.o(.ARM.Collect$$libinit$$00000016) refers to libinit2.o(.ARM.Collect$$libinit$$0000000D) for .ARM.Collect$$libinit$$0000000D
    libinit2.o(.ARM.Collect$$libinit$$00000024) refers to argv_veneer.o(.emb_text) for __ARM_argv_veneer
    libinit2.o(.ARM.Collect$$libinit$$00000025) refers to argv_veneer.o(.emb_text) for __ARM_argv_veneer
    sys_command.o(.text) refers (Special) to use_no_semi.o(.text) for __I$use$semihosting
    sys_command.o(.text) refers (Special) to indicate_semi.o(.text) for __semihosting_library_function
    rtentry2.o(.ARM.Collect$$rtentry$$00000008) refers to boardinit2.o(.text) for _platform_post_stackheap_init
    rtentry2.o(.ARM.Collect$$rtentry$$0000000A) refers to libinit.o(.ARM.Collect$$libinit$$00000000) for __rt_lib_init
    rtentry2.o(.ARM.Collect$$rtentry$$0000000B) refers to boardinit3.o(.text) for _platform_post_lib_init
    rtentry2.o(.ARM.Collect$$rtentry$$0000000D) refers to bestgameever.o(.text) for main
    rtentry2.o(.ARM.Collect$$rtentry$$0000000D) refers to exit.o(.text) for exit
    rtentry2.o(.ARM.exidx) refers to rtentry2.o(.ARM.Collect$$rtentry$$00000001) for .ARM.Collect$$rtentry$$00000001
    rtentry2.o(.ARM.exidx) refers to rtentry2.o(.ARM.Collect$$rtentry$$00000008) for .ARM.Collect$$rtentry$$00000008
    rtentry2.o(.ARM.exidx) refers to rtentry2.o(.ARM.Collect$$rtentry$$0000000A) for .ARM.Collect$$rtentry$$0000000A
    rtentry2.o(.ARM.exidx) refers to rtentry2.o(.ARM.Collect$$rtentry$$0000000B) for .ARM.Collect$$rtentry$$0000000B
    rtentry2.o(.ARM.exidx) refers to rtentry2.o(.ARM.Collect$$rtentry$$0000000D) for .ARM.Collect$$rtentry$$0000000D
    rtentry4.o(.ARM.Collect$$rtentry$$00000004) refers to sys_stackheap_outer.o(.text) for __user_setup_stackheap
    rtentry4.o(.ARM.exidx) refers to rtentry4.o(.ARM.Collect$$rtentry$$00000004) for .ARM.Collect$$rtentry$$00000004
    rt_div0.o(.text) refers to defsig_fpe_outer.o(.text) for __rt_SIGFPE
    maybetermalloc2.o(.emb_text) refers (Special) to term_alloc.o(.text) for _terminate_alloc
    h1_extend.o(.text) refers to h1_free_mt.o(.text) for free
    h1_extend_mt.o(.text) refers to h1_free_mt.o(.text) for _free_internal
    defsig_rtmem_outer.o(.text) refers to defsig_rtmem_inner.o(.text) for __rt_SIGRTMEM_inner
    defsig_rtmem_outer.o(.text) refers to defsig_exit.o(.text) for __sig_exit
    defsig_rtmem_formal.o(.text) refers to rt_raise.o(.text) for __rt_raise
    heapauxa.o(.text) refers to heapauxa.o(.data) for .data
    argv_veneer.o(.emb_text) refers to no_argv.o(.text) for __ARM_get_argv
    sys_stackheap_outer.o(.text) refers to libspace.o(.text) for __user_perproc_libspace
    sys_stackheap_outer.o(.text) refers to startup_lpc17xx.o(.text) for __user_initial_stackheap
    rt_raise.o(.text) refers to __raise.o(.text) for __raise
    rt_raise.o(.text) refers to retarget.o(.text) for _sys_exit
    term_alloc.o(.text) refers (Special) to libshutdown2.o(.ARM.Collect$$libshutdown$$0000000D) for __rt_lib_shutdown_heap_2
    term_alloc.o(.text) refers to rt_heap_descriptor_twolibspace.o(.text) for __rt_heap_descriptor
    term_alloc.o(.text) refers to h1_final_mt.o(.text) for __Heap_Finalize
    exit.o(.text) refers to rtexit.o(.ARM.Collect$$rtexit$$00000000) for __rt_exit
    defsig_exit.o(.text) refers to retarget.o(.text) for _sys_exit
    defsig_fpe_outer.o(.text) refers to defsig_fpe_inner.o(.text) for __rt_SIGFPE_inner
    defsig_fpe_outer.o(.text) refers to defsig_exit.o(.text) for __sig_exit
    defsig_fpe_formal.o(.text) refers to rt_raise.o(.text) for __rt_raise
    defsig_rtmem_inner.o(.text) refers to defsig_general.o(.text) for __default_signal_display
    _get_argv_nomalloc.o(.text) refers (Special) to hrguard.o(.text) for __heap_region$guard
    _get_argv_nomalloc.o(.text) refers to defsig_rtmem_outer.o(.text) for __rt_SIGRTMEM
    _get_argv_nomalloc.o(.text) refers to sys_command.o(.text) for _sys_command_string
    libinit.o(.ARM.Collect$$libinit$$00000000) refers (Special) to libinit2.o(.ARM.Collect$$libinit$$0000002C) for __rt_lib_init_alloca_1
    libinit.o(.ARM.Collect$$libinit$$00000000) refers (Special) to libinit2.o(.ARM.Collect$$libinit$$0000002A) for __rt_lib_init_argv_1
    libinit.o(.ARM.Collect$$libinit$$00000000) refers (Special) to libinit2.o(.ARM.Collect$$libinit$$00000019) for __rt_lib_init_atexit_1
    libinit.o(.ARM.Collect$$libinit$$00000000) refers (Special) to libinit2.o(.ARM.Collect$$libinit$$0000001F) for __rt_lib_init_clock_1
    libinit.o(.ARM.Collect$$libinit$$00000000) refers (Special) to libinit2.o(.ARM.Collect$$libinit$$00000030) for __rt_lib_init_cpp_1
    libinit.o(.ARM.Collect$$libinit$$00000000) refers (Special) to libinit2.o(.ARM.Collect$$libinit$$0000002E) for __rt_lib_init_exceptions_1
    libinit.o(.ARM.Collect$$libinit$$00000000) refers (Special) to libinit2.o(.ARM.Collect$$libinit$$00000002) for __rt_lib_init_fp_1
    libinit.o(.ARM.Collect$$libinit$$00000000) refers (Special) to libinit2.o(.ARM.Collect$$libinit$$0000001D) for __rt_lib_init_fp_trap_1
    libinit.o(.ARM.Collect$$libinit$$00000000) refers (Special) to libinit2.o(.ARM.Collect$$libinit$$00000021) for __rt_lib_init_getenv_1
    libinit.o(.ARM.Collect$$libinit$$00000000) refers (Special) to libinit2.o(.ARM.Collect$$libinit$$00000008) for __rt_lib_init_heap_1
    libinit.o(.ARM.Collect$$libinit$$00000000) refers (Special) to libinit2.o(.ARM.Collect$$libinit$$0000000F) for __rt_lib_init_lc_collate_1
    libinit.o(.ARM.Collect$$libinit$$00000000) refers (Special) to libinit2.o(.ARM.Collect$$libinit$$00000011) for __rt_lib_init_lc_ctype_1
    libinit.o(.ARM.Collect$$libinit$$00000000) refers (Special) to libinit2.o(.ARM.Collect$$libinit$$00000013) for __rt_lib_init_lc_monetary_1
    libinit.o(.ARM.Collect$$libinit$$00000000) refers (Special) to libinit2.o(.ARM.Collect$$libinit$$00000015) for __rt_lib_init_lc_numeric_1
    libinit.o(.ARM.Collect$$libinit$$00000000) refers (Special) to libinit2.o(.ARM.Collect$$libinit$$00000017) for __rt_lib_init_lc_time_1
    libinit.o(.ARM.Collect$$libinit$$00000000) refers (Special) to libinit2.o(.ARM.Collect$$libinit$$0000000C) for __rt_lib_init_rand_1
    libinit.o(.ARM.Collect$$libinit$$00000000) refers (Special) to libinit2.o(.ARM.Collect$$libinit$$00000031) for __rt_lib_init_return
    libinit.o(.ARM.Collect$$libinit$$00000000) refers (Special) to libinit2.o(.ARM.Collect$$libinit$$0000001B) for __rt_lib_init_signal_1
    libinit.o(.ARM.Collect$$libinit$$00000000) refers (Special) to libinit2.o(.ARM.Collect$$libinit$$00000023) for __rt_lib_init_stdio_1
    libinit.o(.ARM.Collect$$libinit$$00000000) refers (Special) to libinit2.o(.ARM.Collect$$libinit$$0000000A) for __rt_lib_init_user_alloc_1
    rtexit.o(.ARM.Collect$$rtexit$$00000000) refers (Special) to rtexit2.o(.ARM.Collect$$rtexit$$00000004) for __rt_exit_exit
    rtexit.o(.ARM.Collect$$rtexit$$00000000) refers (Special) to rtexit2.o(.ARM.Collect$$rtexit$$00000003) for __rt_exit_ls
    rtexit.o(.ARM.Collect$$rtexit$$00000000) refers (Special) to rtexit2.o(.ARM.Collect$$rtexit$$00000002) for __rt_exit_prels_1
    rtexit.o(.ARM.exidx) refers (Special) to rtexit2.o(.ARM.Collect$$rtexit$$00000004) for __rt_exit_exit
    rtexit.o(.ARM.exidx) refers (Special) to rtexit2.o(.ARM.Collect$$rtexit$$00000003) for __rt_exit_ls
    rtexit.o(.ARM.exidx) refers (Special) to rtexit2.o(.ARM.Collect$$rtexit$$00000002) for __rt_exit_prels_1
    rtexit.o(.ARM.exidx) refers to rtexit.o(.ARM.Collect$$rtexit$$00000000) for .ARM.Collect$$rtexit$$00000000
    __raise.o(.text) refers to defsig.o(CL$$defsig) for __default_signal_handler
    defsig_general.o(.text) refers to retarget.o(.text) for _ttywrch
    defsig_fpe_inner.o(.text) refers to defsig_general.o(.text) for __default_signal_display
    libshutdown2.o(.ARM.Collect$$libshutdown$$0000000C) refers (Weak) to term_alloc.o(.text) for _terminate_alloc
    rtexit2.o(.ARM.Collect$$rtexit$$00000003) refers to libshutdown.o(.ARM.Collect$$libshutdown$$00000000) for __rt_lib_shutdown
    rtexit2.o(.ARM.Collect$$rtexit$$00000004) refers to retarget.o(.text) for _sys_exit
    rtexit2.o(.ARM.exidx) refers to rtexit2.o(.ARM.Collect$$rtexit$$00000001) for .ARM.Collect$$rtexit$$00000001
    rtexit2.o(.ARM.exidx) refers to rtexit2.o(.ARM.Collect$$rtexit$$00000003) for .ARM.Collect$$rtexit$$00000003
    rtexit2.o(.ARM.exidx) refers to rtexit2.o(.ARM.Collect$$rtexit$$00000004) for .ARM.Collect$$rtexit$$00000004
    defsig.o(CL$$defsig) refers to defsig_fpe_inner.o(.text) for __rt_SIGFPE_inner
    defsig.o(CL$$defsig) refers to defsig_rtmem_inner.o(.text) for __rt_SIGRTMEM_inner
    defsig_abrt_inner.o(.text) refers to defsig_general.o(.text) for __default_signal_display
    defsig_rtred_inner.o(.text) refers to defsig_general.o(.text) for __default_signal_display
    defsig_stak_inner.o(.text) refers to defsig_general.o(.text) for __default_signal_display
    defsig_pvfn_inner.o(.text) refers to defsig_general.o(.text) for __default_signal_display
    defsig_cppl_inner.o(.text) refers to defsig_general.o(.text) for __default_signal_display
    defsig_segv_inner.o(.text) refers to defsig_general.o(.text) for __default_signal_display
    defsig_other.o(.text) refers to defsig_general.o(.text) for __default_signal_display
    libshutdown.o(.ARM.Collect$$libshutdown$$00000000) refers (Special) to libshutdown2.o(.ARM.Collect$$libshutdown$$00000006) for __rt_lib_shutdown_fp_trap_1
    libshutdown.o(.ARM.Collect$$libshutdown$$00000000) refers (Special) to libshutdown2.o(.ARM.Collect$$libshutdown$$0000000E) for __rt_lib_shutdown_heap_1
    libshutdown.o(.ARM.Collect$$libshutdown$$00000000) refers (Special) to libshutdown2.o(.ARM.Collect$$libshutdown$$0000000F) for __rt_lib_shutdown_return
    libshutdown.o(.ARM.Collect$$libshutdown$$00000000) refers (Special) to libshutdown2.o(.ARM.Collect$$libshutdown$$00000009) for __rt_lib_shutdown_signal_1
    libshutdown.o(.ARM.Collect$$libshutdown$$00000000) refers (Special) to libshutdown2.o(.ARM.Collect$$libshutdown$$00000003) for __rt_lib_shutdown_stdio_1
    libshutdown.o(.ARM.Collect$$libshutdown$$00000000) refers (Special) to libshutdown2.o(.ARM.Collect$$libshutdown$$0000000B) for __rt_lib_shutdown_user_alloc_1
    glcd_scroll.o(i.last_line) refers to glcd_scroll.o(.data) for cache_start
    glcd_scroll.o(i.last_window_line) refers to glcd_scroll.o(.data) for window_start


==============================================================================

Removing Unused input sections from the image.

    Removing bestgameever.o(.rev16_text), (4 bytes).
    Removing bestgameever.o(.revsh_text), (4 bytes).
    Removing uart.o(.rev16_text), (4 bytes).
    Removing uart.o(.revsh_text), (4 bytes).
    Removing system_lpc17xx.o(.rev16_text), (4 bytes).
    Removing system_lpc17xx.o(.revsh_text), (4 bytes).
    Removing glcd_scroll.o(.rev16_text), (4 bytes).
    Removing glcd_scroll.o(.revsh_text), (4 bytes).
    Removing glcd_spi_lpc1700.o(.rev16_text), (4 bytes).
    Removing glcd_spi_lpc1700.o(.revsh_text), (4 bytes).
    Removing retarget.o(.data), (8 bytes).
    Removing rt_task.o(i.rt_tsk_delete), (188 bytes).
    Removing rt_task.o(i.rt_tsk_pass), (48 bytes).
    Removing rt_time.o(i.rt_itv_set), (24 bytes).
    Removing rt_time.o(i.rt_itv_wait), (44 bytes).
    Removing rt_time.o(i.rt_time_get), (12 bytes).
    Removing rt_system.o(.emb_text), (0 bytes).
    Removing rt_system.o(i.rt_psh_req), (32 bytes).
    Removing rt_system.o(i.rt_resume), (176 bytes).
    Removing rt_system.o(i.rt_suspend), (44 bytes).
    Removing rt_system.o(i.rt_tsk_lock), (80 bytes).
    Removing rt_system.o(i.rt_tsk_unlock), (80 bytes).
    Removing rt_list.o(i.rt_get_same_rdy_prio), (36 bytes).
    Removing rt_list.o(i.rt_psq_enq), (88 bytes).
    Removing rt_membox.o(i._calloc_box), (30 bytes).
    Removing rt_event.o(i.isr_evt_set), (40 bytes).
    Removing rt_event.o(i.rt_evt_clr), (28 bytes).
    Removing rt_event.o(i.rt_evt_get), (12 bytes).
    Removing rt_event.o(i.rt_evt_set), (96 bytes).
    Removing rt_event.o(i.rt_evt_wait), (64 bytes).
    Removing rt_mailbox.o(i.isr_mbx_receive), (84 bytes).
    Removing rt_mailbox.o(i.isr_mbx_send), (14 bytes).
    Removing rt_mailbox.o(i.rt_mbx_check), (8 bytes).
    Removing rt_mailbox.o(i.rt_mbx_init), (26 bytes).
    Removing rt_mailbox.o(i.rt_mbx_send), (160 bytes).
    Removing rt_mailbox.o(i.rt_mbx_wait), (184 bytes).
    Removing rt_semaphore.o(i.isr_sem_send), (16 bytes).
    Removing rt_semaphore.o(i.rt_sem_init), (12 bytes).
    Removing rt_semaphore.o(i.rt_sem_send), (56 bytes).
    Removing rt_semaphore.o(i.rt_sem_wait), (60 bytes).
    Removing rt_timer.o(i.rt_tmr_create), (80 bytes).
    Removing rt_timer.o(i.rt_tmr_kill), (52 bytes).
    Removing rt_robin.o(i.rt_chk_robin), (72 bytes).
    Removing rt_robin.o(i.rt_init_robin), (24 bytes).
    Removing rt_robin.o(.data), (8 bytes).

45 unused section(s) (total 2026 bytes) removed from the image.

==============================================================================

Image Symbol Table

    Local Symbols

    Symbol Name                              Value     Ov Type        Size  Object(Section)

    RESET                                    0x00000000   Section      204  startup_lpc17xx.o(RESET)
    ../clib/angel/boardlib.s                 0x00000000   Number         0  boardshut.o ABSOLUTE
    ../clib/angel/boardlib.s                 0x00000000   Number         0  boardinit1.o ABSOLUTE
    ../clib/angel/boardlib.s                 0x00000000   Number         0  boardinit2.o ABSOLUTE
    ../clib/angel/boardlib.s                 0x00000000   Number         0  boardinit3.o ABSOLUTE
    ../clib/angel/handlers.s                 0x00000000   Number         0  __scatter_copy.o ABSOLUTE
    ../clib/angel/handlers.s                 0x00000000   Number         0  __scatter_zi.o ABSOLUTE
    ../clib/angel/kernel.s                   0x00000000   Number         0  rtentry2.o ABSOLUTE
    ../clib/angel/kernel.s                   0x00000000   Number         0  rtentry.o ABSOLUTE
    ../clib/angel/kernel.s                   0x00000000   Number         0  rtentry4.o ABSOLUTE
    ../clib/angel/kernel.s                   0x00000000   Number         0  rtexit.o ABSOLUTE
    ../clib/angel/kernel.s                   0x00000000   Number         0  rtexit2.o ABSOLUTE
    ../clib/angel/rt.s                       0x00000000   Number         0  rt_div0.o ABSOLUTE
    ../clib/angel/rt.s                       0x00000000   Number         0  aeabi_ldiv0.o ABSOLUTE
    ../clib/angel/rt.s                       0x00000000   Number         0  aeabi_ldiv0_sigfpe.o ABSOLUTE
    ../clib/angel/rt.s                       0x00000000   Number         0  rt_heap_descriptor.o ABSOLUTE
    ../clib/angel/rt.s                       0x00000000   Number         0  rt_heap_descriptor_intlibspace.o ABSOLUTE
    ../clib/angel/rt.s                       0x00000000   Number         0  rt_heap_descriptor_twolibspace.o ABSOLUTE
    ../clib/angel/rt.s                       0x00000000   Number         0  rt_raise.o ABSOLUTE
    ../clib/angel/scatter.s                  0x00000000   Number         0  __scatter.o ABSOLUTE
    ../clib/angel/startup.s                  0x00000000   Number         0  __main.o ABSOLUTE
    ../clib/angel/sys.s                      0x00000000   Number         0  indicate_semi.o ABSOLUTE
    ../clib/angel/sys.s                      0x00000000   Number         0  sys_stackheap_outer.o ABSOLUTE
    ../clib/angel/sys.s                      0x00000000   Number         0  libspace.o ABSOLUTE
    ../clib/angel/sys.s                      0x00000000   Number         0  use_no_semi.o ABSOLUTE
    ../clib/angel/sysapp.c                   0x00000000   Number         0  sys_command.o ABSOLUTE
    ../clib/armsys.c                         0x00000000   Number         0  _get_argv_nomalloc.o ABSOLUTE
    ../clib/armsys.c                         0x00000000   Number         0  no_argv.o ABSOLUTE
    ../clib/armsys.c                         0x00000000   Number         0  argv_veneer.o ABSOLUTE
    ../clib/armsys.c                         0x00000000   Number         0  argv_veneer.o ABSOLUTE
    ../clib/armsys.c                         0x00000000   Number         0  _get_argv.o ABSOLUTE
    ../clib/heap1.c                          0x00000000   Number         0  h1_free_mt.o ABSOLUTE
    ../clib/heap1.c                          0x00000000   Number         0  h1_init_mt.o ABSOLUTE
    ../clib/heap1.c                          0x00000000   Number         0  h1_init.o ABSOLUTE
    ../clib/heap1.c                          0x00000000   Number         0  h1_alloc_mt.o ABSOLUTE
    ../clib/heap1.c                          0x00000000   Number         0  h1_alloc.o ABSOLUTE
    ../clib/heap1.c                          0x00000000   Number         0  h1_free.o ABSOLUTE
    ../clib/heap1.c                          0x00000000   Number         0  h1_final.o ABSOLUTE
    ../clib/heap1.c                          0x00000000   Number         0  h1_final_mt.o ABSOLUTE
    ../clib/heap1.c                          0x00000000   Number         0  h1_extend_mt.o ABSOLUTE
    ../clib/heap1.c                          0x00000000   Number         0  h1_extend.o ABSOLUTE
    ../clib/heap2.c                          0x00000000   Number         0  heap2mt.o ABSOLUTE
    ../clib/heap2.c                          0x00000000   Number         0  heap2.o ABSOLUTE
    ../clib/heap2.c                          0x00000000   Number         0  fdtree.o ABSOLUTE
    ../clib/heapalloc.c                      0x00000000   Number         0  hguard.o ABSOLUTE
    ../clib/heapalloc.c                      0x00000000   Number         0  maybetermalloc2.o ABSOLUTE
    ../clib/heapalloc.c                      0x00000000   Number         0  maybetermalloc2.o ABSOLUTE
    ../clib/heapalloc.c                      0x00000000   Number         0  maybetermalloc1.o ABSOLUTE
    ../clib/heapalloc.c                      0x00000000   Number         0  maybetermalloc1.o ABSOLUTE
    ../clib/heapalloc.c                      0x00000000   Number         0  term_alloc.o ABSOLUTE
    ../clib/heapalloc.c                      0x00000000   Number         0  hrguard.o ABSOLUTE
    ../clib/heapalloc.c                      0x00000000   Number         0  malloc.o ABSOLUTE
    ../clib/heapalloc.c                      0x00000000   Number         0  init_alloc.o ABSOLUTE
    ../clib/heapalloc.c                      0x00000000   Number         0  free.o ABSOLUTE
    ../clib/heapalloc.c                      0x00000000   Number         0  heapstubs.o ABSOLUTE
    ../clib/heapaux.c                        0x00000000   Number         0  heapauxa.o ABSOLUTE
    ../clib/heapaux.c                        0x00000000   Number         0  heapauxi.o ABSOLUTE
    ../clib/libinit.s                        0x00000000   Number         0  libshutdown2.o ABSOLUTE
    ../clib/libinit.s                        0x00000000   Number         0  libinit2.o ABSOLUTE
    ../clib/libinit.s                        0x00000000   Number         0  libinit.o ABSOLUTE
    ../clib/libinit.s                        0x00000000   Number         0  libshutdown.o ABSOLUTE
    ../clib/longlong.s                       0x00000000   Number         0  lludivv7m.o ABSOLUTE
    ../clib/memcpset.s                       0x00000000   Number         0  rt_memcpy_w.o ABSOLUTE
    ../clib/signal.c                         0x00000000   Number         0  defsig_stak_inner.o ABSOLUTE
    ../clib/signal.c                         0x00000000   Number         0  defsig_fpe_outer.o ABSOLUTE
    ../clib/signal.c                         0x00000000   Number         0  defsig_fpe_formal.o ABSOLUTE
    ../clib/signal.c                         0x00000000   Number         0  defsig_fpe_inner.o ABSOLUTE
    ../clib/signal.c                         0x00000000   Number         0  defsig_general.o ABSOLUTE
    ../clib/signal.c                         0x00000000   Number         0  __raise.o ABSOLUTE
    ../clib/signal.c                         0x00000000   Number         0  defsig_abrt_inner.o ABSOLUTE
    ../clib/signal.c                         0x00000000   Number         0  defsig_rtred_inner.o ABSOLUTE
    ../clib/signal.c                         0x00000000   Number         0  defsig_rtmem_formal.o ABSOLUTE
    ../clib/signal.c                         0x00000000   Number         0  defsig_rtmem_outer.o ABSOLUTE
    ../clib/signal.c                         0x00000000   Number         0  defsig_segv_inner.o ABSOLUTE
    ../clib/signal.c                         0x00000000   Number         0  defsig_pvfn_inner.o ABSOLUTE
    ../clib/signal.c                         0x00000000   Number         0  defsig_other.o ABSOLUTE
    ../clib/signal.c                         0x00000000   Number         0  defsig_cppl_inner.o ABSOLUTE
    ../clib/signal.c                         0x00000000   Number         0  defsig_exit.o ABSOLUTE
    ../clib/signal.c                         0x00000000   Number         0  defsig_rtmem_inner.o ABSOLUTE
    ../clib/signal.s                         0x00000000   Number         0  defsig.o ABSOLUTE
    ../clib/stdlib.c                         0x00000000   Number         0  exit.o ABSOLUTE
    ../fplib/fpinit.s                        0x00000000   Number         0  fpinit.o ABSOLUTE
    BestGameEVER.c                           0x00000000   Number         0  bestgameever.o ABSOLUTE
    BestGameEVER.c                           0x00000000   Number         0  bestgameever.o ABSOLUTE
    GLCD_SPI_LPC1700.c                       0x00000000   Number         0  glcd_spi_lpc1700.o ABSOLUTE
    GLCD_SPI_LPC1700.c                       0x00000000   Number         0  glcd_spi_lpc1700.o ABSOLUTE
    GLCD_Scroll.c                            0x00000000   Number         0  glcd_scroll.o ABSOLUTE
    GLCD_Scroll.c                            0x00000000   Number         0  glcd_scroll.o ABSOLUTE
    RTX_Conf_CM.c                            0x00000000   Number         0  rtx_conf_cm.o ABSOLUTE
    Retarget.c                               0x00000000   Number         0  retarget.o ABSOLUTE
    SRC\CM\HAL_CM3.c                         0x00000000   Number         0  hal_cm3.o ABSOLUTE
    SRC\CM\SVC_Table.s                       0x00000000   Number         0  SVC_Table.o ABSOLUTE
    SRC\CM\rt_Event.c                        0x00000000   Number         0  rt_event.o ABSOLUTE
    SRC\CM\rt_List.c                         0x00000000   Number         0  rt_list.o ABSOLUTE
    SRC\CM\rt_Mailbox.c                      0x00000000   Number         0  rt_mailbox.o ABSOLUTE
    SRC\CM\rt_MemBox.c                       0x00000000   Number         0  rt_membox.o ABSOLUTE
    SRC\CM\rt_Mutex.c                        0x00000000   Number         0  rt_mutex.o ABSOLUTE
    SRC\CM\rt_Robin.c                        0x00000000   Number         0  rt_robin.o ABSOLUTE
    SRC\CM\rt_Semaphore.c                    0x00000000   Number         0  rt_semaphore.o ABSOLUTE
    SRC\CM\rt_System.c                       0x00000000   Number         0  rt_system.o ABSOLUTE
    SRC\CM\rt_Task.c                         0x00000000   Number         0  rt_task.o ABSOLUTE
    SRC\CM\rt_Time.c                         0x00000000   Number         0  rt_time.o ABSOLUTE
    SRC\CM\rt_Timer.c                        0x00000000   Number         0  rt_timer.o ABSOLUTE
    SRC\\CM\\HAL_CM3.c                       0x00000000   Number         0  hal_cm3.o ABSOLUTE
    SRC\\CM\\rt_System.c                     0x00000000   Number         0  rt_system.o ABSOLUTE
    dc.s                                     0x00000000   Number         0  dc.o ABSOLUTE
    startup_LPC17xx.s                        0x00000000   Number         0  startup_lpc17xx.o ABSOLUTE
    system_LPC17xx.c                         0x00000000   Number         0  system_lpc17xx.o ABSOLUTE
    system_LPC17xx.c                         0x00000000   Number         0  system_lpc17xx.o ABSOLUTE
    uart.c                                   0x00000000   Number         0  uart.o ABSOLUTE
    uart.c                                   0x00000000   Number         0  uart.o ABSOLUTE
    !!!main                                  0x000000cc   Section        8  __main.o(!!!main)
    !!!scatter                               0x000000d4   Section       52  __scatter.o(!!!scatter)
    !!handler_copy                           0x00000108   Section       26  __scatter_copy.o(!!handler_copy)
    !!handler_zi                             0x00000124   Section       28  __scatter_zi.o(!!handler_zi)
    .ARM.Collect$$libinit$$00000000          0x00000140   Section        2  libinit.o(.ARM.Collect$$libinit$$00000000)
    .ARM.Collect$$libinit$$00000002          0x00000142   Section        0  libinit2.o(.ARM.Collect$$libinit$$00000002)
    .ARM.Collect$$libinit$$00000003          0x00000142   Section        8  libinit2.o(.ARM.Collect$$libinit$$00000003)
    .ARM.Collect$$libinit$$00000008          0x0000014a   Section        0  libinit2.o(.ARM.Collect$$libinit$$00000008)
    .ARM.Collect$$libinit$$0000000A          0x0000014a   Section        0  libinit2.o(.ARM.Collect$$libinit$$0000000A)
    .ARM.Collect$$libinit$$0000000C          0x0000014a   Section        0  libinit2.o(.ARM.Collect$$libinit$$0000000C)
    .ARM.Collect$$libinit$$0000000F          0x0000014a   Section        0  libinit2.o(.ARM.Collect$$libinit$$0000000F)
    .ARM.Collect$$libinit$$00000011          0x0000014a   Section        0  libinit2.o(.ARM.Collect$$libinit$$00000011)
    .ARM.Collect$$libinit$$00000013          0x0000014a   Section        0  libinit2.o(.ARM.Collect$$libinit$$00000013)
    .ARM.Collect$$libinit$$00000015          0x0000014a   Section        0  libinit2.o(.ARM.Collect$$libinit$$00000015)
    .ARM.Collect$$libinit$$00000017          0x0000014a   Section        0  libinit2.o(.ARM.Collect$$libinit$$00000017)
    .ARM.Collect$$libinit$$00000019          0x0000014a   Section        0  libinit2.o(.ARM.Collect$$libinit$$00000019)
    .ARM.Collect$$libinit$$0000001B          0x0000014a   Section        0  libinit2.o(.ARM.Collect$$libinit$$0000001B)
    .ARM.Collect$$libinit$$0000001D          0x0000014a   Section        0  libinit2.o(.ARM.Collect$$libinit$$0000001D)
    .ARM.Collect$$libinit$$0000001F          0x0000014a   Section        0  libinit2.o(.ARM.Collect$$libinit$$0000001F)
    .ARM.Collect$$libinit$$00000021          0x0000014a   Section        0  libinit2.o(.ARM.Collect$$libinit$$00000021)
    .ARM.Collect$$libinit$$00000023          0x0000014a   Section        0  libinit2.o(.ARM.Collect$$libinit$$00000023)
    .ARM.Collect$$libinit$$0000002A          0x0000014a   Section        0  libinit2.o(.ARM.Collect$$libinit$$0000002A)
    .ARM.Collect$$libinit$$0000002C          0x0000014a   Section        0  libinit2.o(.ARM.Collect$$libinit$$0000002C)
    .ARM.Collect$$libinit$$0000002E          0x0000014a   Section        0  libinit2.o(.ARM.Collect$$libinit$$0000002E)
    .ARM.Collect$$libinit$$00000030          0x0000014a   Section        0  libinit2.o(.ARM.Collect$$libinit$$00000030)
    .ARM.Collect$$libinit$$00000031          0x0000014a   Section        2  libinit2.o(.ARM.Collect$$libinit$$00000031)
    .ARM.Collect$$libshutdown$$00000000      0x0000014c   Section        2  libshutdown.o(.ARM.Collect$$libshutdown$$00000000)
    .ARM.Collect$$libshutdown$$00000003      0x0000014e   Section        0  libshutdown2.o(.ARM.Collect$$libshutdown$$00000003)
    .ARM.Collect$$libshutdown$$00000006      0x0000014e   Section        0  libshutdown2.o(.ARM.Collect$$libshutdown$$00000006)
    .ARM.Collect$$libshutdown$$00000009      0x0000014e   Section        0  libshutdown2.o(.ARM.Collect$$libshutdown$$00000009)
    .ARM.Collect$$libshutdown$$0000000B      0x0000014e   Section        0  libshutdown2.o(.ARM.Collect$$libshutdown$$0000000B)
    .ARM.Collect$$libshutdown$$0000000E      0x0000014e   Section        0  libshutdown2.o(.ARM.Collect$$libshutdown$$0000000E)
    .ARM.Collect$$libshutdown$$0000000F      0x0000014e   Section        2  libshutdown2.o(.ARM.Collect$$libshutdown$$0000000F)
    .ARM.Collect$$rtentry$$00000000          0x00000150   Section        0  rtentry.o(.ARM.Collect$$rtentry$$00000000)
    .ARM.Collect$$rtentry$$00000002          0x00000150   Section        0  rtentry2.o(.ARM.Collect$$rtentry$$00000002)
    .ARM.Collect$$rtentry$$00000004          0x00000150   Section        6  rtentry4.o(.ARM.Collect$$rtentry$$00000004)
    .ARM.Collect$$rtentry$$00000009          0x00000156   Section        0  rtentry2.o(.ARM.Collect$$rtentry$$00000009)
    .ARM.Collect$$rtentry$$0000000A          0x00000156   Section        4  rtentry2.o(.ARM.Collect$$rtentry$$0000000A)
    .ARM.Collect$$rtentry$$0000000C          0x0000015a   Section        0  rtentry2.o(.ARM.Collect$$rtentry$$0000000C)
    .ARM.Collect$$rtentry$$0000000D          0x0000015a   Section        8  rtentry2.o(.ARM.Collect$$rtentry$$0000000D)
    .ARM.Collect$$rtexit$$00000000           0x00000162   Section        2  rtexit.o(.ARM.Collect$$rtexit$$00000000)
    .ARM.Collect$$rtexit$$00000002           0x00000164   Section        0  rtexit2.o(.ARM.Collect$$rtexit$$00000002)
    .ARM.Collect$$rtexit$$00000003           0x00000164   Section        4  rtexit2.o(.ARM.Collect$$rtexit$$00000003)
    .ARM.Collect$$rtexit$$00000004           0x00000168   Section        6  rtexit2.o(.ARM.Collect$$rtexit$$00000004)
    .emb_text                                0x00000170   Section      340  hal_cm3.o(.emb_text)
    .emb_text                                0x000002c4   Section        0  maybetermalloc1.o(.emb_text)
    .text                                    0x000002c4   Section        8  libspace.o(.text)
    .text                                    0x000002cc   Section        2  use_no_semi.o(.text)
    .text                                    0x000002ce   Section        0  heapauxi.o(.text)
    .text                                    0x000002d4   Section       10  rt_heap_descriptor_twolibspace.o(.text)
    .text                                    0x000002de   Section        0  hguard.o(.text)
    .text                                    0x000002e2   Section        0  h1_init_mt.o(.text)
    SVC_TABLE                                0x000002f4   Section        4  SVC_Table.o(SVC_TABLE)
    i.os_tick_irqack                         0x000002f8   Section        0  rt_system.o(i.os_tick_irqack)
    .ARM.__at_0x02FC                         0x000002fc   Section        4  startup_lpc17xx.o(.ARM.__at_0x02FC)
    .text                                    0x00000300   Section       64  startup_lpc17xx.o(.text)
    .text                                    0x00000340   Section        0  bestgameever.o(.text)
    NVIC_EnableIRQ                           0x00000873   Thumb Code    24  bestgameever.o(.text)
    .text                                    0x000008b4   Section        0  uart.o(.text)
    NVIC_EnableIRQ                           0x00000c47   Thumb Code    24  uart.o(.text)
    .text                                    0x00000ca8   Section        0  system_lpc17xx.o(.text)
    .text                                    0x00000f50   Section        0  glcd_scroll.o(.text)
    .text                                    0x000012a4   Section        0  glcd_spi_lpc1700.o(.text)
    delay                                    0x000012a5   Thumb Code    14  glcd_spi_lpc1700.o(.text)
    spi_tran_man                             0x000012b3   Thumb Code   124  glcd_spi_lpc1700.o(.text)
    wr_cmd                                   0x0000132f   Thumb Code    36  glcd_spi_lpc1700.o(.text)
    wr_dat                                   0x00001353   Thumb Code    36  glcd_spi_lpc1700.o(.text)
    rd_reg                                   0x00001377   Thumb Code    66  glcd_spi_lpc1700.o(.text)
    rd_id_man                                0x000013b9   Thumb Code   132  glcd_spi_lpc1700.o(.text)
    spi_tran                                 0x00001dd7   Thumb Code    26  glcd_spi_lpc1700.o(.text)
    wr_dat_start                             0x00001df1   Thumb Code    16  glcd_spi_lpc1700.o(.text)
    wr_dat_stop                              0x00001e01   Thumb Code     8  glcd_spi_lpc1700.o(.text)
    wr_dat_only                              0x00001e09   Thumb Code    18  glcd_spi_lpc1700.o(.text)
    wr_reg                                   0x00001e1b   Thumb Code    20  glcd_spi_lpc1700.o(.text)
    .text                                    0x00001e48   Section        0  retarget.o(.text)
    .text                                    0x00001ea8   Section        0  rtx_conf_cm.o(.text)
    __tagsym$$used                           0x00001ef7   Number         0  rtx_conf_cm.o(.text)
    __tagsym$$used                           0x00001f11   Number         0  rtx_conf_cm.o(.text)
    .text                                    0x00001f40   Section        0  h1_alloc_mt.o(.text)
    Heap1_SizeAdjust                         0x00001f41   Thumb Code     8  h1_alloc_mt.o(.text)
    .text                                    0x00001fde   Section        0  h1_free_mt.o(.text)
    .text                                    0x00002054   Section      238  lludivv7m.o(.text)
    .text                                    0x00002142   Section        0  init_alloc.o(.text)
    .text                                    0x000021cc   Section        0  h1_extend_mt.o(.text)
    .text                                    0x0000220c   Section        0  defsig_rtmem_outer.o(.text)
    .text                                    0x0000221a   Section       74  sys_stackheap_outer.o(.text)
    .text                                    0x00002264   Section        0  exit.o(.text)
    .text                                    0x00002270   Section        0  defsig_exit.o(.text)
    .text                                    0x0000227c   Section        0  defsig_rtmem_inner.o(.text)
    .text                                    0x000022cc   Section        0  defsig_general.o(.text)
    i._init_box                              0x000022fe   Section        0  rt_membox.o(i._init_box)
    i.dbg_init                               0x00002344   Section        0  hal_cm3.o(i.dbg_init)
    i.dbg_task_notify                        0x00002374   Section        0  hal_cm3.o(i.dbg_task_notify)
    i.dbg_task_switch                        0x00002394   Section        0  hal_cm3.o(i.dbg_task_switch)
    i.last_line                              0x000023a4   Section        0  glcd_scroll.o(i.last_line)
    i.last_window_line                       0x000023c4   Section        0  glcd_scroll.o(i.last_window_line)
    i.os_tick_init                           0x000023e4   Section        0  rt_system.o(i.os_tick_init)
    i.rt_alloc_box                           0x0000240c   Section        0  rt_membox.o(i.rt_alloc_box)
    i.rt_block                               0x00002428   Section        0  rt_task.o(i.rt_block)
    i.rt_dec_dly                             0x00002460   Section        0  rt_list.o(i.rt_dec_dly)
    i.rt_dispatch                            0x000024d4   Section        0  rt_task.o(i.rt_dispatch)
    i.rt_dly_wait                            0x00002518   Section        0  rt_time.o(i.rt_dly_wait)
    i.rt_evt_psh                             0x00002520   Section        0  rt_event.o(i.rt_evt_psh)
    i.rt_free_box                            0x0000256c   Section        0  rt_membox.o(i.rt_free_box)
    i.rt_get_first                           0x0000258c   Section        0  rt_list.o(i.rt_get_first)
    i.rt_init_context                        0x000025b4   Section        0  rt_task.o(i.rt_init_context)
    rt_init_context                          0x000025b5   Thumb Code    64  rt_task.o(i.rt_init_context)
    i.rt_init_stack                          0x000025f8   Section        0  hal_cm3.o(i.rt_init_stack)
    i.rt_mbx_psh                             0x00002648   Section        0  rt_mailbox.o(i.rt_mbx_psh)
    i.rt_mut_init                            0x00002708   Section        0  rt_mutex.o(i.rt_mut_init)
    i.rt_mut_release                         0x00002718   Section        0  rt_mutex.o(i.rt_mut_release)
    i.rt_mut_wait                            0x000027c4   Section        0  rt_mutex.o(i.rt_mut_wait)
    i.rt_pop_req                             0x00002828   Section        0  rt_system.o(i.rt_pop_req)
    i.rt_put_dly                             0x000028a0   Section        0  rt_list.o(i.rt_put_dly)
    i.rt_put_prio                            0x000028e8   Section        0  rt_list.o(i.rt_put_prio)
    i.rt_put_rdy_first                       0x00002920   Section        0  rt_list.o(i.rt_put_rdy_first)
    i.rt_resort_prio                         0x00002934   Section        0  rt_list.o(i.rt_resort_prio)
    i.rt_rmv_dly                             0x00002968   Section        0  rt_list.o(i.rt_rmv_dly)
    i.rt_rmv_list                            0x00002990   Section        0  rt_list.o(i.rt_rmv_list)
    i.rt_sem_psh                             0x000029c0   Section        0  rt_semaphore.o(i.rt_sem_psh)
    i.rt_stk_check                           0x000029f4   Section        0  rt_system.o(i.rt_stk_check)
    i.rt_switch_req                          0x00002a18   Section        0  rt_task.o(i.rt_switch_req)
    i.rt_sys_init                            0x00002a40   Section        0  rt_task.o(i.rt_sys_init)
    i.rt_systick                             0x00002b98   Section        0  rt_system.o(i.rt_systick)
    i.rt_tmr_tick                            0x00002bd4   Section        0  rt_timer.o(i.rt_tmr_tick)
    i.rt_tsk_create                          0x00002c14   Section        0  rt_task.o(i.rt_tsk_create)
    i.rt_tsk_prio                            0x00002ca8   Section        0  rt_task.o(i.rt_tsk_prio)
    i.rt_tsk_self                            0x00002d28   Section        0  rt_task.o(i.rt_tsk_self)
    .constdata                               0x00002d38   Section     6272  glcd_spi_lpc1700.o(.constdata)
    .constdata                               0x000045b8   Section       40  rtx_conf_cm.o(.constdata)
    __tagsym$$used                           0x000045cc   Number         0  rtx_conf_cm.o(.constdata)
    __tagsym$$used                           0x000045d0   Number         0  rtx_conf_cm.o(.constdata)
    .data                                    0x10000000   Section       24  bestgameever.o(.data)
    .data                                    0x10000018   Section       32  uart.o(.data)
    .data                                    0x10000038   Section        4  system_lpc17xx.o(.data)
    .data                                    0x1000003c   Section       20  glcd_scroll.o(.data)
    .data                                    0x10000050   Section        5  glcd_spi_lpc1700.o(.data)
    Color                                    0x10000050   Data           4  glcd_spi_lpc1700.o(.data)
    Himax                                    0x10000054   Data           1  glcd_spi_lpc1700.o(.data)
    .data                                    0x10000058   Section        8  rtx_conf_cm.o(.data)
    nr_mutex                                 0x1000005c   Data           4  rtx_conf_cm.o(.data)
    .data                                    0x10000060   Section        8  rt_task.o(.data)
    .data                                    0x10000068   Section        4  rt_time.o(.data)
    .data                                    0x1000006c   Section        1  hal_cm3.o(.data)
    .data                                    0x10000070   Section        8  rt_system.o(.data)
    os_lock                                  0x10000070   Data           1  rt_system.o(.data)
    os_psh_flag                              0x10000071   Data           1  rt_system.o(.data)
    pend_flags                               0x10000072   Data           1  rt_system.o(.data)
    .data                                    0x10000078   Section        8  rt_timer.o(.data)
    .bss                                     0x10000080   Section      128  uart.o(.bss)
    .bss                                     0x10000100   Section      525  glcd_scroll.o(.bss)
    .bss                                     0x10000310   Section    28060  rtx_conf_cm.o(.bss)
    std_libspace                             0x10005d8c   Data        4800  rtx_conf_cm.o(.bss)
    std_libmutex                             0x1000704c   Data          96  rtx_conf_cm.o(.bss)
    .bss                                     0x100070ac   Section       48  rt_task.o(.bss)
    .bss                                     0x100070dc   Section       48  rt_list.o(.bss)
    .bss                                     0x1000710c   Section       96  libspace.o(.bss)
    HEAP                                     0x10007170   Section     2048  startup_lpc17xx.o(HEAP)
    Heap_Mem                                 0x10007170   Data        2048  startup_lpc17xx.o(HEAP)
    STACK                                    0x10007970   Section     1536  startup_lpc17xx.o(STACK)
    Stack_Mem                                0x10007970   Data        1536  startup_lpc17xx.o(STACK)
    __initial_sp                             0x10007f70   Data           0  startup_lpc17xx.o(STACK)

    Global Symbols

    Symbol Name                              Value     Ov Type        Size  Object(Section)

    BuildAttributes$$THM_ISAv4$P$D$K$B$S$PE$A:L22UL41UL21$X:L11$S22US41US21$IEEE1$IW$USESV6$~STKCKD$USESV7$~SHL$OTIME$ROPI$EBA8$UX$STANDARDLIB$REQ8$PRES8$EABIv2 0x00000000   Number         0  anon$$obj.o ABSOLUTE
    __ARM_use_no_argv                        0x00000000   Number         0  bestgameever.o ABSOLUTE
    __Vectors                                0x00000000   Data           4  startup_lpc17xx.o(RESET)
    __ARM_exceptions_init                     - Undefined Weak Reference
    __alloca_initialize                       - Undefined Weak Reference
    __cpp_initialize__aeabi_                  - Undefined Weak Reference
    __cxa_finalize                            - Undefined Weak Reference
    __rt_locale                               - Undefined Weak Reference
    __sigvec_lookup                           - Undefined Weak Reference
    __user_heap_extent                        - Undefined Weak Reference
    _atexit_init                              - Undefined Weak Reference
    _call_atexit_fns                          - Undefined Weak Reference
    _clock_init                               - Undefined Weak Reference
    _fp_trap_init                             - Undefined Weak Reference
    _fp_trap_shutdown                         - Undefined Weak Reference
    _get_lc_collate                           - Undefined Weak Reference
    _get_lc_ctype                             - Undefined Weak Reference
    _get_lc_monetary                          - Undefined Weak Reference
    _get_lc_numeric                           - Undefined Weak Reference
    _get_lc_time                              - Undefined Weak Reference
    _getenv_init                              - Undefined Weak Reference
    _handle_redirection                       - Undefined Weak Reference
    _initio                                   - Undefined Weak Reference
    _mutex_free                               - Undefined Weak Reference
    _rand_init                                - Undefined Weak Reference
    _signal_finish                            - Undefined Weak Reference
    _signal_init                              - Undefined Weak Reference
    _terminateio                              - Undefined Weak Reference
    __main                                   0x000000cd   Thumb Code     8  __main.o(!!!main)
    __scatterload                            0x000000d5   Thumb Code     0  __scatter.o(!!!scatter)
    __scatterload_rt2                        0x000000d5   Thumb Code    44  __scatter.o(!!!scatter)
    __scatterload_rt2_thumb_only             0x000000d5   Thumb Code     0  __scatter.o(!!!scatter)
    __scatterload_null                       0x000000e3   Thumb Code     0  __scatter.o(!!!scatter)
    __scatterload_copy                       0x00000109   Thumb Code    26  __scatter_copy.o(!!handler_copy)
    __scatterload_zeroinit                   0x00000125   Thumb Code    28  __scatter_zi.o(!!handler_zi)
    __rt_lib_init                            0x00000141   Thumb Code     0  libinit.o(.ARM.Collect$$libinit$$00000000)
    __rt_lib_init_fp_1                       0x00000143   Thumb Code     0  libinit2.o(.ARM.Collect$$libinit$$00000002)
    __rt_lib_init_heap_2                     0x00000143   Thumb Code     0  libinit2.o(.ARM.Collect$$libinit$$00000003)
    __rt_lib_init_alloca_1                   0x0000014b   Thumb Code     0  libinit2.o(.ARM.Collect$$libinit$$0000002C)
    __rt_lib_init_argv_1                     0x0000014b   Thumb Code     0  libinit2.o(.ARM.Collect$$libinit$$0000002A)
    __rt_lib_init_atexit_1                   0x0000014b   Thumb Code     0  libinit2.o(.ARM.Collect$$libinit$$00000019)
    __rt_lib_init_clock_1                    0x0000014b   Thumb Code     0  libinit2.o(.ARM.Collect$$libinit$$0000001F)
    __rt_lib_init_cpp_1                      0x0000014b   Thumb Code     0  libinit2.o(.ARM.Collect$$libinit$$00000030)
    __rt_lib_init_exceptions_1               0x0000014b   Thumb Code     0  libinit2.o(.ARM.Collect$$libinit$$0000002E)
    __rt_lib_init_fp_trap_1                  0x0000014b   Thumb Code     0  libinit2.o(.ARM.Collect$$libinit$$0000001D)
    __rt_lib_init_getenv_1                   0x0000014b   Thumb Code     0  libinit2.o(.ARM.Collect$$libinit$$00000021)
    __rt_lib_init_heap_1                     0x0000014b   Thumb Code     0  libinit2.o(.ARM.Collect$$libinit$$00000008)
    __rt_lib_init_lc_collate_1               0x0000014b   Thumb Code     0  libinit2.o(.ARM.Collect$$libinit$$0000000F)
    __rt_lib_init_lc_ctype_1                 0x0000014b   Thumb Code     0  libinit2.o(.ARM.Collect$$libinit$$00000011)
    __rt_lib_init_lc_monetary_1              0x0000014b   Thumb Code     0  libinit2.o(.ARM.Collect$$libinit$$00000013)
    __rt_lib_init_lc_numeric_1               0x0000014b   Thumb Code     0  libinit2.o(.ARM.Collect$$libinit$$00000015)
    __rt_lib_init_lc_time_1                  0x0000014b   Thumb Code     0  libinit2.o(.ARM.Collect$$libinit$$00000017)
    __rt_lib_init_rand_1                     0x0000014b   Thumb Code     0  libinit2.o(.ARM.Collect$$libinit$$0000000C)
    __rt_lib_init_return                     0x0000014b   Thumb Code     0  libinit2.o(.ARM.Collect$$libinit$$00000031)
    __rt_lib_init_signal_1                   0x0000014b   Thumb Code     0  libinit2.o(.ARM.Collect$$libinit$$0000001B)
    __rt_lib_init_stdio_1                    0x0000014b   Thumb Code     0  libinit2.o(.ARM.Collect$$libinit$$00000023)
    __rt_lib_init_user_alloc_1               0x0000014b   Thumb Code     0  libinit2.o(.ARM.Collect$$libinit$$0000000A)
    __rt_lib_shutdown                        0x0000014d   Thumb Code     0  libshutdown.o(.ARM.Collect$$libshutdown$$00000000)
    __rt_lib_shutdown_fp_trap_1              0x0000014f   Thumb Code     0  libshutdown2.o(.ARM.Collect$$libshutdown$$00000006)
    __rt_lib_shutdown_heap_1                 0x0000014f   Thumb Code     0  libshutdown2.o(.ARM.Collect$$libshutdown$$0000000E)
    __rt_lib_shutdown_return                 0x0000014f   Thumb Code     0  libshutdown2.o(.ARM.Collect$$libshutdown$$0000000F)
    __rt_lib_shutdown_signal_1               0x0000014f   Thumb Code     0  libshutdown2.o(.ARM.Collect$$libshutdown$$00000009)
    __rt_lib_shutdown_stdio_1                0x0000014f   Thumb Code     0  libshutdown2.o(.ARM.Collect$$libshutdown$$00000003)
    __rt_lib_shutdown_user_alloc_1           0x0000014f   Thumb Code     0  libshutdown2.o(.ARM.Collect$$libshutdown$$0000000B)
    __rt_entry                               0x00000151   Thumb Code     0  rtentry.o(.ARM.Collect$$rtentry$$00000000)
    __rt_entry_presh_1                       0x00000151   Thumb Code     0  rtentry2.o(.ARM.Collect$$rtentry$$00000002)
    __rt_entry_sh                            0x00000151   Thumb Code     0  rtentry4.o(.ARM.Collect$$rtentry$$00000004)
    __rt_entry_li                            0x00000157   Thumb Code     0  rtentry2.o(.ARM.Collect$$rtentry$$0000000A)
    __rt_entry_postsh_1                      0x00000157   Thumb Code     0  rtentry2.o(.ARM.Collect$$rtentry$$00000009)
    __rt_entry_main                          0x0000015b   Thumb Code     0  rtentry2.o(.ARM.Collect$$rtentry$$0000000D)
    __rt_entry_postli_1                      0x0000015b   Thumb Code     0  rtentry2.o(.ARM.Collect$$rtentry$$0000000C)
    __rt_exit                                0x00000163   Thumb Code     0  rtexit.o(.ARM.Collect$$rtexit$$00000000)
    __rt_exit_ls                             0x00000165   Thumb Code     0  rtexit2.o(.ARM.Collect$$rtexit$$00000003)
    __rt_exit_prels_1                        0x00000165   Thumb Code     0  rtexit2.o(.ARM.Collect$$rtexit$$00000002)
    __rt_exit_exit                           0x00000169   Thumb Code     0  rtexit2.o(.ARM.Collect$$rtexit$$00000004)
    rt_set_PSP                               0x00000171   Thumb Code     6  hal_cm3.o(.emb_text)
    rt_get_PSP                               0x00000177   Thumb Code     6  hal_cm3.o(.emb_text)
    os_set_env                               0x0000017d   Thumb Code    24  hal_cm3.o(.emb_text)
    _alloc_box                               0x00000199   Thumb Code    28  hal_cm3.o(.emb_text)
    _free_box                                0x000001b9   Thumb Code    28  hal_cm3.o(.emb_text)
    SVC_Handler                              0x000001d9   Thumb Code   124  hal_cm3.o(.emb_text)
    PendSV_Handler                           0x00000261   Thumb Code    76  hal_cm3.o(.emb_text)
    SysTick_Handler                          0x000002b1   Thumb Code     8  hal_cm3.o(.emb_text)
    OS_Tick_Handler                          0x000002b9   Thumb Code    12  hal_cm3.o(.emb_text)
    __user_libspace                          0x000002c5   Thumb Code     8  libspace.o(.text)
    __user_perproc_libspace                  0x000002c5   Thumb Code     0  libspace.o(.text)
    _maybe_terminate_alloc                   0x000002c5   Thumb Code     0  maybetermalloc1.o(.emb_text)
    __I$use$semihosting                      0x000002cd   Thumb Code     0  use_no_semi.o(.text)
    __use_no_semihosting_swi                 0x000002cd   Thumb Code     2  use_no_semi.o(.text)
    __use_two_region_memory                  0x000002cf   Thumb Code     2  heapauxi.o(.text)
    __rt_heap_escrow                         0x000002d1   Thumb Code     2  heapauxi.o(.text)
    __rt_heap_expand                         0x000002d3   Thumb Code     2  heapauxi.o(.text)
    __rt_heap_descriptor                     0x000002d5   Thumb Code    10  rt_heap_descriptor_twolibspace.o(.text)
    __use_no_heap                            0x000002df   Thumb Code     2  hguard.o(.text)
    __heap$guard                             0x000002e1   Thumb Code     2  hguard.o(.text)
    __Heap_Initialize                        0x000002e3   Thumb Code    14  h1_init_mt.o(.text)
    __Heap_DescSize                          0x000002f1   Thumb Code     4  h1_init_mt.o(.text)
    SVC_Count                                0x000002f4   Data           4  SVC_Table.o(SVC_TABLE)
    SVC_Table                                0x000002f8   Data           0  SVC_Table.o(SVC_TABLE)
    os_tick_irqack                           0x000002f9   Thumb Code     2  rt_system.o(i.os_tick_irqack)
    Reset_Handler                            0x00000301   Thumb Code     8  startup_lpc17xx.o(.text)
    NMI_Handler                              0x00000309   Thumb Code     2  startup_lpc17xx.o(.text)
    HardFault_Handler                        0x0000030b   Thumb Code     2  startup_lpc17xx.o(.text)
    MemManage_Handler                        0x0000030d   Thumb Code     2  startup_lpc17xx.o(.text)
    BusFault_Handler                         0x0000030f   Thumb Code     2  startup_lpc17xx.o(.text)
    UsageFault_Handler                       0x00000311   Thumb Code     2  startup_lpc17xx.o(.text)
    DebugMon_Handler                         0x00000315   Thumb Code     2  startup_lpc17xx.o(.text)
    BOD_IRQHandler                           0x0000031b   Thumb Code     0  startup_lpc17xx.o(.text)
    CANActivity_IRQHandler                   0x0000031b   Thumb Code     0  startup_lpc17xx.o(.text)
    CAN_IRQHandler                           0x0000031b   Thumb Code     0  startup_lpc17xx.o(.text)
    DMA_IRQHandler                           0x0000031b   Thumb Code     0  startup_lpc17xx.o(.text)
    EINT0_IRQHandler                         0x0000031b   Thumb Code     0  startup_lpc17xx.o(.text)
    EINT1_IRQHandler                         0x0000031b   Thumb Code     0  startup_lpc17xx.o(.text)
    EINT2_IRQHandler                         0x0000031b   Thumb Code     0  startup_lpc17xx.o(.text)
    ENET_IRQHandler                          0x0000031b   Thumb Code     0  startup_lpc17xx.o(.text)
    I2C0_IRQHandler                          0x0000031b   Thumb Code     0  startup_lpc17xx.o(.text)
    I2C1_IRQHandler                          0x0000031b   Thumb Code     0  startup_lpc17xx.o(.text)
    I2C2_IRQHandler                          0x0000031b   Thumb Code     0  startup_lpc17xx.o(.text)
    I2S_IRQHandler                           0x0000031b   Thumb Code     0  startup_lpc17xx.o(.text)
    MCPWM_IRQHandler                         0x0000031b   Thumb Code     0  startup_lpc17xx.o(.text)
    PLL0_IRQHandler                          0x0000031b   Thumb Code     0  startup_lpc17xx.o(.text)
    PLL1_IRQHandler                          0x0000031b   Thumb Code     0  startup_lpc17xx.o(.text)
    PWM1_IRQHandler                          0x0000031b   Thumb Code     0  startup_lpc17xx.o(.text)
    QEI_IRQHandler                           0x0000031b   Thumb Code     0  startup_lpc17xx.o(.text)
    RIT_IRQHandler                           0x0000031b   Thumb Code     0  startup_lpc17xx.o(.text)
    RTC_IRQHandler                           0x0000031b   Thumb Code     0  startup_lpc17xx.o(.text)
    SPI_IRQHandler                           0x0000031b   Thumb Code     0  startup_lpc17xx.o(.text)
    SSP0_IRQHandler                          0x0000031b   Thumb Code     0  startup_lpc17xx.o(.text)
    SSP1_IRQHandler                          0x0000031b   Thumb Code     0  startup_lpc17xx.o(.text)
    TIMER0_IRQHandler                        0x0000031b   Thumb Code     0  startup_lpc17xx.o(.text)
    TIMER1_IRQHandler                        0x0000031b   Thumb Code     0  startup_lpc17xx.o(.text)
    TIMER2_IRQHandler                        0x0000031b   Thumb Code     0  startup_lpc17xx.o(.text)
    TIMER3_IRQHandler                        0x0000031b   Thumb Code     0  startup_lpc17xx.o(.text)
    UART2_IRQHandler                         0x0000031b   Thumb Code     0  startup_lpc17xx.o(.text)
    UART3_IRQHandler                         0x0000031b   Thumb Code     0  startup_lpc17xx.o(.text)
    USBActivity_IRQHandler                   0x0000031b   Thumb Code     0  startup_lpc17xx.o(.text)
    USB_IRQHandler                           0x0000031b   Thumb Code     0  startup_lpc17xx.o(.text)
    WDT_IRQHandler                           0x0000031b   Thumb Code     0  startup_lpc17xx.o(.text)
    __user_initial_stackheap                 0x0000031d   Thumb Code     0  startup_lpc17xx.o(.text)
    wait                                     0x00000341   Thumb Code    22  bestgameever.o(.text)
    BMP_init                                 0x00000357   Thumb Code   204  bestgameever.o(.text)
    LEDInit                                  0x00000423   Thumb Code   190  bestgameever.o(.text)
    __RL_RTX_VER                             0x00000460   Number         0  rt_system.o ABSOLUTE
    LEDSetter                                0x000004e1   Thumb Code   184  bestgameever.o(.text)
    Balls                                    0x00000599   Thumb Code   232  bestgameever.o(.text)
    generate_ball                            0x00000681   Thumb Code    64  bestgameever.o(.text)
    INTOInit                                 0x000006c1   Thumb Code    50  bestgameever.o(.text)
    EINT3_IRQHandler                         0x000006f3   Thumb Code    32  bestgameever.o(.text)
    POTInit                                  0x00000713   Thumb Code   142  bestgameever.o(.text)
    ADCConvert                               0x000007a1   Thumb Code    32  bestgameever.o(.text)
    ADC_IRQHandler                           0x000007c1   Thumb Code    56  bestgameever.o(.text)
    readPoti_task                            0x000007f9   Thumb Code    16  bestgameever.o(.text)
    task_caller                              0x00000809   Thumb Code    48  bestgameever.o(.text)
    main                                     0x00000839   Thumb Code    58  bestgameever.o(.text)
    Free                                     0x000008b5   Thumb Code     6  uart.o(.text)
    Lock                                     0x000008bb   Thumb Code    28  uart.o(.text)
    LockRcv                                  0x000008d7   Thumb Code    28  uart.o(.text)
    LockSnd                                  0x000008f3   Thumb Code    28  uart.o(.text)
    FreeRcv                                  0x0000090f   Thumb Code    28  uart.o(.text)
    FreeSnd                                  0x0000092b   Thumb Code    28  uart.o(.text)
    UART0_IRQHandler                         0x00000947   Thumb Code    86  uart.o(.text)
    UART1_IRQHandler                         0x0000099d   Thumb Code    88  uart.o(.text)
    getFrequency                             0x000009f5   Thumb Code    64  uart.o(.text)
    UARTInit                                 0x00000a35   Thumb Code   176  uart.o(.text)
    UARTSend                                 0x00000ae5   Thumb Code   112  uart.o(.text)
    UARTSendChar                             0x00000b55   Thumb Code    50  uart.o(.text)
    UARTRecieve                              0x00000b87   Thumb Code   134  uart.o(.text)
    UARTReceiveChar                          0x00000c0d   Thumb Code    58  uart.o(.text)
    SystemCoreClockUpdate                    0x00000ca9   Thumb Code   424  system_lpc17xx.o(.text)
    SystemInit                               0x00000e51   Thumb Code   194  system_lpc17xx.o(.text)
    init_scroll                              0x00000f51   Thumb Code    50  glcd_scroll.o(.text)
    refresh_lcd                              0x00000f83   Thumb Code    66  glcd_scroll.o(.text)
    append_char                              0x00000fc5   Thumb Code   216  glcd_scroll.o(.text)
    print_text                               0x0000109d   Thumb Code    24  glcd_scroll.o(.text)
    print_string                             0x000010b5   Thumb Code    34  glcd_scroll.o(.text)
    moveUp                                   0x000010d7   Thumb Code    58  glcd_scroll.o(.text)
    moveDown                                 0x00001111   Thumb Code    60  glcd_scroll.o(.text)
    moveFirst                                0x0000114d   Thumb Code    42  glcd_scroll.o(.text)
    moveLast                                 0x00001177   Thumb Code    82  glcd_scroll.o(.text)
    initJoyStick                             0x000011c9   Thumb Code    98  glcd_scroll.o(.text)
    joyStickBusyWaitingMonitor               0x0000122b   Thumb Code    86  glcd_scroll.o(.text)
    GLCD_Init                                0x0000143d   Thumb Code  1514  glcd_spi_lpc1700.o(.text)
    GLCD_SetWindow                           0x00001a27   Thumb Code   168  glcd_spi_lpc1700.o(.text)
    GLCD_WindowMax                           0x00001acf   Thumb Code    26  glcd_spi_lpc1700.o(.text)
    GLCD_PutPixel                            0x00001ae9   Thumb Code   118  glcd_spi_lpc1700.o(.text)
    GLCD_SetTextColor                        0x00001b5f   Thumb Code     6  glcd_spi_lpc1700.o(.text)
    GLCD_SetBackColor                        0x00001b65   Thumb Code     6  glcd_spi_lpc1700.o(.text)
    GLCD_Clear                               0x00001b6b   Thumb Code    42  glcd_spi_lpc1700.o(.text)
    GLCD_DrawChar                            0x00001b95   Thumb Code   150  glcd_spi_lpc1700.o(.text)
    GLCD_DisplayChar                         0x00001c2b   Thumb Code    84  glcd_spi_lpc1700.o(.text)
    GLCD_DisplayString                       0x00001c7f   Thumb Code    40  glcd_spi_lpc1700.o(.text)
    GLCD_ClearLn                             0x00001ca7   Thumb Code    94  glcd_spi_lpc1700.o(.text)
    GLCD_Bargraph                            0x00001d05   Thumb Code    98  glcd_spi_lpc1700.o(.text)
    GLCD_Bitmap                              0x00001d67   Thumb Code    82  glcd_spi_lpc1700.o(.text)
    GLCD_ScrollVertical                      0x00001db9   Thumb Code     2  glcd_spi_lpc1700.o(.text)
    GLCD_WrCmd                               0x00001dbb   Thumb Code    12  glcd_spi_lpc1700.o(.text)
    GLCD_WrReg                               0x00001dc7   Thumb Code    16  glcd_spi_lpc1700.o(.text)
    sendchar                                 0x00001e49   Thumb Code    30  retarget.o(.text)
    getkey                                   0x00001e67   Thumb Code     6  retarget.o(.text)
    fputc                                    0x00001e6d   Thumb Code    14  retarget.o(.text)
    fgetc                                    0x00001e7b   Thumb Code    20  retarget.o(.text)
    ferror                                   0x00001e8f   Thumb Code     8  retarget.o(.text)
    _ttywrch                                 0x00001e97   Thumb Code    12  retarget.o(.text)
    _sys_exit                                0x00001ea3   Thumb Code     4  retarget.o(.text)
    os_idle_demon                            0x00001ea9   Thumb Code     4  rtx_conf_cm.o(.text)
    os_tmr_call                              0x00001ead   Thumb Code     2  rtx_conf_cm.o(.text)
    os_error                                 0x00001eaf   Thumb Code     4  rtx_conf_cm.o(.text)
    rt_init_robin                            0x00001eb3   Thumb Code     2  rtx_conf_cm.o(.text)
    rt_chk_robin                             0x00001eb5   Thumb Code     2  rtx_conf_cm.o(.text)
    __user_perthread_libspace                0x00001eb7   Thumb Code    26  rtx_conf_cm.o(.text)
    _mutex_initialize                        0x00001ed1   Thumb Code    38  rtx_conf_cm.o(.text)
    _mutex_acquire                           0x00001ef7   Thumb Code    26  rtx_conf_cm.o(.text)
    _mutex_release                           0x00001f11   Thumb Code    22  rtx_conf_cm.o(.text)
    _malloc_internal                         0x00001f49   Thumb Code   130  h1_alloc_mt.o(.text)
    malloc                                   0x00001fcb   Thumb Code    20  h1_alloc_mt.o(.text)
    _free_internal                           0x00001fdf   Thumb Code    98  h1_free_mt.o(.text)
    free                                     0x00002041   Thumb Code    20  h1_free_mt.o(.text)
    __aeabi_uldivmod                         0x00002055   Thumb Code     0  lludivv7m.o(.text)
    _ll_udiv                                 0x00002055   Thumb Code   238  lludivv7m.o(.text)
    _terminate_user_alloc                    0x00002143   Thumb Code     2  init_alloc.o(.text)
    _init_user_alloc                         0x00002145   Thumb Code     2  init_alloc.o(.text)
    __Heap_Full                              0x00002147   Thumb Code    34  init_alloc.o(.text)
    __Heap_Broken                            0x00002169   Thumb Code     6  init_alloc.o(.text)
    _init_alloc                              0x0000216f   Thumb Code    94  init_alloc.o(.text)
    __Heap_ProvideMemory                     0x000021cd   Thumb Code    64  h1_extend_mt.o(.text)
    __rt_SIGRTMEM                            0x0000220d   Thumb Code    14  defsig_rtmem_outer.o(.text)
    __user_setup_stackheap                   0x0000221b   Thumb Code    74  sys_stackheap_outer.o(.text)
    exit                                     0x00002265   Thumb Code    12  exit.o(.text)
    __sig_exit                               0x00002271   Thumb Code    10  defsig_exit.o(.text)
    __rt_SIGRTMEM_inner                      0x0000227d   Thumb Code    22  defsig_rtmem_inner.o(.text)
    __default_signal_display                 0x000022cd   Thumb Code    50  defsig_general.o(.text)
    _init_box                                0x000022ff   Thumb Code    70  rt_membox.o(i._init_box)
    dbg_init                                 0x00002345   Thumb Code    34  hal_cm3.o(i.dbg_init)
    dbg_task_notify                          0x00002375   Thumb Code    32  hal_cm3.o(i.dbg_task_notify)
    dbg_task_switch                          0x00002395   Thumb Code    16  hal_cm3.o(i.dbg_task_switch)
    last_line                                0x000023a5   Thumb Code    22  glcd_scroll.o(i.last_line)
    last_window_line                         0x000023c5   Thumb Code    22  glcd_scroll.o(i.last_window_line)
    os_tick_init                             0x000023e5   Thumb Code    32  rt_system.o(i.os_tick_init)
    rt_alloc_box                             0x0000240d   Thumb Code    26  rt_membox.o(i.rt_alloc_box)
    rt_block                                 0x00002429   Thumb Code    48  rt_task.o(i.rt_block)
    rt_dec_dly                               0x00002461   Thumb Code   106  rt_list.o(i.rt_dec_dly)
    rt_dispatch                              0x000024d5   Thumb Code    60  rt_task.o(i.rt_dispatch)
    rt_dly_wait                              0x00002519   Thumb Code     6  rt_time.o(i.rt_dly_wait)
    rt_evt_psh                               0x00002521   Thumb Code    72  rt_event.o(i.rt_evt_psh)
    rt_free_box                              0x0000256d   Thumb Code    32  rt_membox.o(i.rt_free_box)
    rt_get_first                             0x0000258d   Thumb Code    40  rt_list.o(i.rt_get_first)
    rt_init_stack                            0x000025f9   Thumb Code    70  hal_cm3.o(i.rt_init_stack)
    rt_mbx_psh                               0x00002649   Thumb Code   188  rt_mailbox.o(i.rt_mbx_psh)
    rt_mut_init                              0x00002709   Thumb Code    16  rt_mutex.o(i.rt_mut_init)
    rt_mut_release                           0x00002719   Thumb Code   164  rt_mutex.o(i.rt_mut_release)
    rt_mut_wait                              0x000027c5   Thumb Code    96  rt_mutex.o(i.rt_mut_wait)
    rt_pop_req                               0x00002829   Thumb Code   106  rt_system.o(i.rt_pop_req)
    rt_put_dly                               0x000028a1   Thumb Code    68  rt_list.o(i.rt_put_dly)
    rt_put_prio                              0x000028e9   Thumb Code    54  rt_list.o(i.rt_put_prio)
    rt_put_rdy_first                         0x00002921   Thumb Code    14  rt_list.o(i.rt_put_rdy_first)
    rt_resort_prio                           0x00002935   Thumb Code    46  rt_list.o(i.rt_resort_prio)
    rt_rmv_dly                               0x00002969   Thumb Code    40  rt_list.o(i.rt_rmv_dly)
    rt_rmv_list                              0x00002991   Thumb Code    44  rt_list.o(i.rt_rmv_list)
    rt_sem_psh                               0x000029c1   Thumb Code    46  rt_semaphore.o(i.rt_sem_psh)
    rt_stk_check                             0x000029f5   Thumb Code    28  rt_system.o(i.rt_stk_check)
    rt_switch_req                            0x00002a19   Thumb Code    30  rt_task.o(i.rt_switch_req)
    rt_sys_init                              0x00002a41   Thumb Code   266  rt_task.o(i.rt_sys_init)
    rt_systick                               0x00002b99   Thumb Code    48  rt_system.o(i.rt_systick)
    rt_tmr_tick                              0x00002bd5   Thumb Code    56  rt_timer.o(i.rt_tmr_tick)
    rt_tsk_create                            0x00002c15   Thumb Code   126  rt_task.o(i.rt_tsk_create)
    rt_tsk_prio                              0x00002ca9   Thumb Code   110  rt_task.o(i.rt_tsk_prio)
    rt_tsk_self                              0x00002d29   Thumb Code    12  rt_task.o(i.rt_tsk_self)
    Font_6x8_h                               0x00002d38   Data         896  glcd_spi_lpc1700.o(.constdata)
    Font_16x24_h                             0x000030b8   Data        5376  glcd_spi_lpc1700.o(.constdata)
    os_maxtaskrun                            0x000045b8   Data           2  rtx_conf_cm.o(.constdata)
    os_stackinfo                             0x000045bc   Data           4  rtx_conf_cm.o(.constdata)
    os_rrobin                                0x000045c0   Data           4  rtx_conf_cm.o(.constdata)
    os_trv                                   0x000045c4   Data           4  rtx_conf_cm.o(.constdata)
    os_flags                                 0x000045c8   Data           1  rtx_conf_cm.o(.constdata)
    os_clockrate                             0x000045cc   Data           4  rtx_conf_cm.o(.constdata)
    os_timernum                              0x000045d0   Data           4  rtx_conf_cm.o(.constdata)
    mp_tcb_size                              0x000045d4   Data           2  rtx_conf_cm.o(.constdata)
    mp_stk_size                              0x000045d8   Data           4  rtx_conf_cm.o(.constdata)
    os_fifo_size                             0x000045dc   Data           1  rtx_conf_cm.o(.constdata)
    mp_tmr_size                              0x000045de   Data           2  rtx_conf_cm.o(.constdata)
    Region$$Table$$Base                      0x000045e0   Number         0  anon$$obj.o(Region$$Table)
    Region$$Table$$Limit                     0x00004600   Number         0  anon$$obj.o(Region$$Table)
    interrupt_flag                           0x10000000   Data           2  bestgameever.o(.data)
    global_delay                             0x10000002   Data           2  bestgameever.o(.data)
    ADC_Done                                 0x10000004   Data           1  bestgameever.o(.data)
    ball_counter                             0x10000006   Data           2  bestgameever.o(.data)
    ADC_Value                                0x10000008   Data           2  bestgameever.o(.data)
    erase_bitmap                             0x1000000c   Data           4  bestgameever.o(.data)
    ball_bitmap1                             0x10000010   Data           4  bestgameever.o(.data)
    ball_bitmap2                             0x10000014   Data           4  bestgameever.o(.data)
    ITM_RxBuffer                             0x10000018   Data           4  uart.o(.data)
    UART0TxEmpty                             0x1000001c   Data           1  uart.o(.data)
    UART1TxEmpty                             0x1000001d   Data           1  uart.o(.data)
    UART0Count                               0x10000020   Data           4  uart.o(.data)
    UART1Count                               0x10000024   Data           4  uart.o(.data)
    i                                        0x10000028   Data           4  uart.o(.data)
    UART0Status                              0x1000002c   Data           4  uart.o(.data)
    UART1Status                              0x10000030   Data           4  uart.o(.data)
    RcvLock0                                 0x10000034   Data           1  uart.o(.data)
    SndLock0                                 0x10000035   Data           1  uart.o(.data)
    RcvLock1                                 0x10000036   Data           1  uart.o(.data)
    SndLock1                                 0x10000037   Data           1  uart.o(.data)
    SystemCoreClock                          0x10000038   Data           4  system_lpc17xx.o(.data)
    cache_start                              0x1000003c   Data           4  glcd_scroll.o(.data)
    cache_size                               0x10000040   Data           4  glcd_scroll.o(.data)
    last_col_cahche                          0x10000044   Data           2  glcd_scroll.o(.data)
    window_start                             0x10000048   Data           4  glcd_scroll.o(.data)
    window_size                              0x1000004c   Data           4  glcd_scroll.o(.data)
    m_tmr                                    0x10000058   Data           4  rtx_conf_cm.o(.data)
    os_tsk                                   0x10000060   Data           8  rt_task.o(.data)
    os_time                                  0x10000068   Data           4  rt_time.o(.data)
    dbg_msg                                  0x1000006c   Data           1  hal_cm3.o(.data)
    os_tick_irqn                             0x10000074   Data           4  rt_system.o(.data)
    os_tmr                                   0x10000078   Data           8  rt_timer.o(.data)
    UART0Buffer                              0x10000080   Data          64  uart.o(.bss)
    UART1Buffer                              0x100000c0   Data          64  uart.o(.bss)
    chache                                   0x10000100   Data         525  glcd_scroll.o(.bss)
    mp_tcb                                   0x10000310   Data        2412  rtx_conf_cm.o(.bss)
    mp_stk                                   0x10000c80   Data       20416  rtx_conf_cm.o(.bss)
    os_fifo                                  0x10005c40   Data         132  rtx_conf_cm.o(.bss)
    os_active_TCB                            0x10005cc4   Data         200  rtx_conf_cm.o(.bss)
    os_idle_TCB                              0x100070ac   Data          48  rt_task.o(.bss)
    os_rdy                                   0x100070dc   Data          24  rt_list.o(.bss)
    os_dly                                   0x100070f4   Data          24  rt_list.o(.bss)
    __libspace_start                         0x1000710c   Data          96  libspace.o(.bss)
    __temporary_stack_top$libspace           0x1000716c   Data           0  libspace.o(.bss)



==============================================================================

Memory Map of the image

  Image Entry point : 0x000000cd

  Load Region LR_IROM1 (Base: 0x00000000, Size: 0x00004680, Max: 0x00080000, ABSOLUTE)

    Execution Region ER_IROM1 (Base: 0x00000000, Size: 0x00004600, Max: 0x00080000, ABSOLUTE)

    Base Addr    Size         Type   Attr      Idx    E Section Name        Object

    0x00000000   0x000000cc   Data   RO            3    RESET               startup_lpc17xx.o
    0x000000cc   0x00000008   Code   RO          923  * !!!main             c_w.l(__main.o)
    0x000000d4   0x00000034   Code   RO         1124    !!!scatter          c_w.l(__scatter.o)
    0x00000108   0x0000001a   Code   RO         1126    !!handler_copy      c_w.l(__scatter_copy.o)
    0x00000122   0x00000002   PAD
    0x00000124   0x0000001c   Code   RO         1128    !!handler_zi        c_w.l(__scatter_zi.o)
    0x00000140   0x00000002   Code   RO         1068    .ARM.Collect$$libinit$$00000000  c_w.l(libinit.o)
    0x00000142   0x00000000   Code   RO          962    .ARM.Collect$$libinit$$00000002  c_w.l(libinit2.o)
    0x00000142   0x00000008   Code   RO          963    .ARM.Collect$$libinit$$00000003  c_w.l(libinit2.o)
    0x0000014a   0x00000000   Code   RO          965    .ARM.Collect$$libinit$$00000008  c_w.l(libinit2.o)
    0x0000014a   0x00000000   Code   RO          967    .ARM.Collect$$libinit$$0000000A  c_w.l(libinit2.o)
    0x0000014a   0x00000000   Code   RO          969    .ARM.Collect$$libinit$$0000000C  c_w.l(libinit2.o)
    0x0000014a   0x00000000   Code   RO          972    .ARM.Collect$$libinit$$0000000F  c_w.l(libinit2.o)
    0x0000014a   0x00000000   Code   RO          974    .ARM.Collect$$libinit$$00000011  c_w.l(libinit2.o)
    0x0000014a   0x00000000   Code   RO          976    .ARM.Collect$$libinit$$00000013  c_w.l(libinit2.o)
    0x0000014a   0x00000000   Code   RO          978    .ARM.Collect$$libinit$$00000015  c_w.l(libinit2.o)
    0x0000014a   0x00000000   Code   RO          980    .ARM.Collect$$libinit$$00000017  c_w.l(libinit2.o)
    0x0000014a   0x00000000   Code   RO          982    .ARM.Collect$$libinit$$00000019  c_w.l(libinit2.o)
    0x0000014a   0x00000000   Code   RO          984    .ARM.Collect$$libinit$$0000001B  c_w.l(libinit2.o)
    0x0000014a   0x00000000   Code   RO          986    .ARM.Collect$$libinit$$0000001D  c_w.l(libinit2.o)
    0x0000014a   0x00000000   Code   RO          988    .ARM.Collect$$libinit$$0000001F  c_w.l(libinit2.o)
    0x0000014a   0x00000000   Code   RO          990    .ARM.Collect$$libinit$$00000021  c_w.l(libinit2.o)
    0x0000014a   0x00000000   Code   RO          992    .ARM.Collect$$libinit$$00000023  c_w.l(libinit2.o)
    0x0000014a   0x00000000   Code   RO          996    .ARM.Collect$$libinit$$0000002A  c_w.l(libinit2.o)
    0x0000014a   0x00000000   Code   RO          998    .ARM.Collect$$libinit$$0000002C  c_w.l(libinit2.o)
    0x0000014a   0x00000000   Code   RO         1000    .ARM.Collect$$libinit$$0000002E  c_w.l(libinit2.o)
    0x0000014a   0x00000000   Code   RO         1002    .ARM.Collect$$libinit$$00000030  c_w.l(libinit2.o)
    0x0000014a   0x00000002   Code   RO         1003    .ARM.Collect$$libinit$$00000031  c_w.l(libinit2.o)
    0x0000014c   0x00000002   Code   RO         1121    .ARM.Collect$$libshutdown$$00000000  c_w.l(libshutdown.o)
    0x0000014e   0x00000000   Code   RO         1083    .ARM.Collect$$libshutdown$$00000003  c_w.l(libshutdown2.o)
    0x0000014e   0x00000000   Code   RO         1086    .ARM.Collect$$libshutdown$$00000006  c_w.l(libshutdown2.o)
    0x0000014e   0x00000000   Code   RO         1089    .ARM.Collect$$libshutdown$$00000009  c_w.l(libshutdown2.o)
    0x0000014e   0x00000000   Code   RO         1091    .ARM.Collect$$libshutdown$$0000000B  c_w.l(libshutdown2.o)
    0x0000014e   0x00000000   Code   RO         1094    .ARM.Collect$$libshutdown$$0000000E  c_w.l(libshutdown2.o)
    0x0000014e   0x00000002   Code   RO         1095    .ARM.Collect$$libshutdown$$0000000F  c_w.l(libshutdown2.o)
    0x00000150   0x00000000   Code   RO          925    .ARM.Collect$$rtentry$$00000000  c_w.l(rtentry.o)
    0x00000150   0x00000000   Code   RO         1007    .ARM.Collect$$rtentry$$00000002  c_w.l(rtentry2.o)
    0x00000150   0x00000006   Code   RO         1019    .ARM.Collect$$rtentry$$00000004  c_w.l(rtentry4.o)
    0x00000156   0x00000000   Code   RO         1009    .ARM.Collect$$rtentry$$00000009  c_w.l(rtentry2.o)
    0x00000156   0x00000004   Code   RO         1010    .ARM.Collect$$rtentry$$0000000A  c_w.l(rtentry2.o)
    0x0000015a   0x00000000   Code   RO         1012    .ARM.Collect$$rtentry$$0000000C  c_w.l(rtentry2.o)
    0x0000015a   0x00000008   Code   RO         1013    .ARM.Collect$$rtentry$$0000000D  c_w.l(rtentry2.o)
    0x00000162   0x00000002   Code   RO         1069    .ARM.Collect$$rtexit$$00000000  c_w.l(rtexit.o)
    0x00000164   0x00000000   Code   RO         1097    .ARM.Collect$$rtexit$$00000002  c_w.l(rtexit2.o)
    0x00000164   0x00000004   Code   RO         1098    .ARM.Collect$$rtexit$$00000003  c_w.l(rtexit2.o)
    0x00000168   0x00000006   Code   RO         1099    .ARM.Collect$$rtexit$$00000004  c_w.l(rtexit2.o)
    0x0000016e   0x00000002   PAD
    0x00000170   0x00000154   Code   RO          435    .emb_text           RTX_CM3.LIB(hal_cm3.o)
    0x000002c4   0x00000000   Code   RO         1025    .emb_text           c_w.l(maybetermalloc1.o)
    0x000002c4   0x00000008   Code   RO          852    .text               c_w.l(libspace.o)
    0x000002cc   0x00000002   Code   RO          855    .text               c_w.l(use_no_semi.o)
    0x000002ce   0x00000006   Code   RO          921    .text               c_w.l(heapauxi.o)
    0x000002d4   0x0000000a   Code   RO          935    .text               c_w.l(rt_heap_descriptor_twolibspace.o)
    0x000002de   0x00000004   Code   RO          937    .text               c_w.l(hguard.o)
    0x000002e2   0x00000012   Code   RO          945    .text               c_w.l(h1_init_mt.o)
    0x000002f4   0x00000004   Code   RO          673    SVC_TABLE           RTX_CM3.LIB(SVC_Table.o)
    0x000002f8   0x00000002   Code   RO          478    i.os_tick_irqack    RTX_CM3.LIB(rt_system.o)
    0x000002fa   0x00000002   PAD
    0x000002fc   0x00000004   Code   RO            4    .ARM.__at_0x02FC    startup_lpc17xx.o
    0x00000300   0x00000040   Code   RO            5    .text               startup_lpc17xx.o
    0x00000340   0x00000574   Code   RO           15    .text               bestgameever.o
    0x000008b4   0x000003f4   Code   RO           85    .text               uart.o
    0x00000ca8   0x000002a8   Code   RO          118    .text               system_lpc17xx.o
    0x00000f50   0x00000354   Code   RO          148    .text               glcd_scroll.o
    0x000012a4   0x00000ba4   Code   RO          197    .text               glcd_spi_lpc1700.o
    0x00001e48   0x0000005e   Code   RO          229    .text               retarget.o
    0x00001ea6   0x00000002   PAD
    0x00001ea8   0x00000098   Code   RO          254    .text               rtx_conf_cm.o
    0x00001f40   0x0000009e   Code   RO          865    .text               c_w.l(h1_alloc_mt.o)
    0x00001fde   0x00000076   Code   RO          867    .text               c_w.l(h1_free_mt.o)
    0x00002054   0x000000ee   Code   RO          919    .text               c_w.l(lludivv7m.o)
    0x00002142   0x0000008a   Code   RO          939    .text               c_w.l(init_alloc.o)
    0x000021cc   0x00000040   Code   RO         1029    .text               c_w.l(h1_extend_mt.o)
    0x0000220c   0x0000000e   Code   RO         1031    .text               c_w.l(defsig_rtmem_outer.o)
    0x0000221a   0x0000004a   Code   RO         1043    .text               c_w.l(sys_stackheap_outer.o)
    0x00002264   0x0000000c   Code   RO         1049    .text               c_w.l(exit.o)
    0x00002270   0x0000000a   Code   RO         1051    .text               c_w.l(defsig_exit.o)
    0x0000227a   0x00000002   PAD
    0x0000227c   0x00000050   Code   RO         1057    .text               c_w.l(defsig_rtmem_inner.o)
    0x000022cc   0x00000032   Code   RO         1077    .text               c_w.l(defsig_general.o)
    0x000022fe   0x00000046   Code   RO          640    i._init_box         RTX_CM3.LIB(rt_membox.o)
    0x00002344   0x00000030   Code   RO          436    i.dbg_init          RTX_CM3.LIB(hal_cm3.o)
    0x00002374   0x00000020   Code   RO          437    i.dbg_task_notify   RTX_CM3.LIB(hal_cm3.o)
    0x00002394   0x00000010   Code   RO          438    i.dbg_task_switch   RTX_CM3.LIB(hal_cm3.o)
    0x000023a4   0x00000020   Code   RO          167    i.last_line         glcd_scroll.o
    0x000023c4   0x00000020   Code   RO          172    i.last_window_line  glcd_scroll.o
    0x000023e4   0x00000028   Code   RO          477    i.os_tick_init      RTX_CM3.LIB(rt_system.o)
    0x0000240c   0x0000001a   Code   RO          641    i.rt_alloc_box      RTX_CM3.LIB(rt_membox.o)
    0x00002426   0x00000002   PAD
    0x00002428   0x00000038   Code   RO          275    i.rt_block          RTX_CM3.LIB(rt_task.o)
    0x00002460   0x00000074   Code   RO          560    i.rt_dec_dly        RTX_CM3.LIB(rt_list.o)
    0x000024d4   0x00000044   Code   RO          276    i.rt_dispatch       RTX_CM3.LIB(rt_task.o)
    0x00002518   0x00000006   Code   RO          374    i.rt_dly_wait       RTX_CM3.LIB(rt_time.o)
    0x0000251e   0x00000002   PAD
    0x00002520   0x0000004c   Code   RO          679    i.rt_evt_psh        RTX_CM3.LIB(rt_event.o)
    0x0000256c   0x00000020   Code   RO          642    i.rt_free_box       RTX_CM3.LIB(rt_membox.o)
    0x0000258c   0x00000028   Code   RO          561    i.rt_get_first      RTX_CM3.LIB(rt_list.o)
    0x000025b4   0x00000044   Code   RO          277    i.rt_init_context   RTX_CM3.LIB(rt_task.o)
    0x000025f8   0x00000050   Code   RO          439    i.rt_init_stack     RTX_CM3.LIB(hal_cm3.o)
    0x00002648   0x000000c0   Code   RO          722    i.rt_mbx_psh        RTX_CM3.LIB(rt_mailbox.o)
    0x00002708   0x00000010   Code   RO          411    i.rt_mut_init       RTX_CM3.LIB(rt_mutex.o)
    0x00002718   0x000000ac   Code   RO          412    i.rt_mut_release    RTX_CM3.LIB(rt_mutex.o)
    0x000027c4   0x00000064   Code   RO          413    i.rt_mut_wait       RTX_CM3.LIB(rt_mutex.o)
    0x00002828   0x00000078   Code   RO          479    i.rt_pop_req        RTX_CM3.LIB(rt_system.o)
    0x000028a0   0x00000048   Code   RO          564    i.rt_put_dly        RTX_CM3.LIB(rt_list.o)
    0x000028e8   0x00000036   Code   RO          565    i.rt_put_prio       RTX_CM3.LIB(rt_list.o)
    0x0000291e   0x00000002   PAD
    0x00002920   0x00000014   Code   RO          566    i.rt_put_rdy_first  RTX_CM3.LIB(rt_list.o)
    0x00002934   0x00000034   Code   RO          567    i.rt_resort_prio    RTX_CM3.LIB(rt_list.o)
    0x00002968   0x00000028   Code   RO          568    i.rt_rmv_dly        RTX_CM3.LIB(rt_list.o)
    0x00002990   0x00000030   Code   RO          569    i.rt_rmv_list       RTX_CM3.LIB(rt_list.o)
    0x000029c0   0x00000034   Code   RO          768    i.rt_sem_psh        RTX_CM3.LIB(rt_semaphore.o)
    0x000029f4   0x00000024   Code   RO          482    i.rt_stk_check      RTX_CM3.LIB(rt_system.o)
    0x00002a18   0x00000028   Code   RO          278    i.rt_switch_req     RTX_CM3.LIB(rt_task.o)
    0x00002a40   0x00000158   Code   RO          279    i.rt_sys_init       RTX_CM3.LIB(rt_task.o)
    0x00002b98   0x0000003c   Code   RO          484    i.rt_systick        RTX_CM3.LIB(rt_system.o)
    0x00002bd4   0x00000040   Code   RO          804    i.rt_tmr_tick       RTX_CM3.LIB(rt_timer.o)
    0x00002c14   0x00000094   Code   RO          280    i.rt_tsk_create     RTX_CM3.LIB(rt_task.o)
    0x00002ca8   0x00000080   Code   RO          283    i.rt_tsk_prio       RTX_CM3.LIB(rt_task.o)
    0x00002d28   0x00000010   Code   RO          284    i.rt_tsk_self       RTX_CM3.LIB(rt_task.o)
    0x00002d38   0x00001880   Data   RO          198    .constdata          glcd_spi_lpc1700.o
    0x000045b8   0x00000028   Data   RO          256    .constdata          rtx_conf_cm.o
    0x000045e0   0x00000020   Data   RO         1122    Region$$Table       anon$$obj.o


    Execution Region RW_IRAM1 (Base: 0x10000000, Size: 0x00007f70, Max: 0x00008000, ABSOLUTE)

    Base Addr    Size         Type   Attr      Idx    E Section Name        Object

    0x10000000   0x00000018   Data   RW           16    .data               bestgameever.o
    0x10000018   0x00000020   Data   RW           87    .data               uart.o
    0x10000038   0x00000004   Data   RW          119    .data               system_lpc17xx.o
    0x1000003c   0x00000014   Data   RW          150    .data               glcd_scroll.o
    0x10000050   0x00000005   Data   RW          199    .data               glcd_spi_lpc1700.o
    0x10000055   0x00000003   PAD
    0x10000058   0x00000008   Data   RW          257    .data               rtx_conf_cm.o
    0x10000060   0x00000008   Data   RW          286    .data               RTX_CM3.LIB(rt_task.o)
    0x10000068   0x00000004   Data   RW          378    .data               RTX_CM3.LIB(rt_time.o)
    0x1000006c   0x00000001   Data   RW          440    .data               RTX_CM3.LIB(hal_cm3.o)
    0x1000006d   0x00000003   PAD
    0x10000070   0x00000008   Data   RW          487    .data               RTX_CM3.LIB(rt_system.o)
    0x10000078   0x00000008   Data   RW          805    .data               RTX_CM3.LIB(rt_timer.o)
    0x10000080   0x00000080   Zero   RW           86    .bss                uart.o
    0x10000100   0x0000020d   Zero   RW          149    .bss                glcd_scroll.o
    0x1000030d   0x00000003   PAD
    0x10000310   0x00006d9c   Zero   RW          255    .bss                rtx_conf_cm.o
    0x100070ac   0x00000030   Zero   RW          285    .bss                RTX_CM3.LIB(rt_task.o)
    0x100070dc   0x00000030   Zero   RW          570    .bss                RTX_CM3.LIB(rt_list.o)
    0x1000710c   0x00000060   Zero   RW          853    .bss                c_w.l(libspace.o)
    0x1000716c   0x00000004   PAD
    0x10007170   0x00000800   Zero   RW            2    HEAP                startup_lpc17xx.o
    0x10007970   0x00000600   Zero   RW            1    STACK               startup_lpc17xx.o


==============================================================================

Image component sizes


      Code (inc. data)   RO Data    RW Data    ZI Data      Debug   Object Name

      1396        112          0         24          0      55385   bestgameever.o
       916         56          0         20        525       5317   glcd_scroll.o
      2980         62       6272          5          0       8620   glcd_spi_lpc1700.o
        94          0          0          0          0       2767   retarget.o
       152         26         40          8      28060       2944   rtx_conf_cm.o
        68         30        204          0       3584        836   startup_lpc17xx.o
       680         62          0          4          0        849   system_lpc17xx.o
      1012         74          0         32        128      45667   uart.o

    ----------------------------------------------------------------------
      7300        422       6548         96      32300     122385   Object Totals
         0          0         32          0          0          0   (incl. Generated)
         2          0          0          3          3          0   (incl. Padding)

    ----------------------------------------------------------------------

      Code (inc. data)   RO Data    RW Data    ZI Data      Debug   Library Member Name

         4          4          0          0          0        136   SVC_Table.o
       516         56          0          1          0       2465   hal_cm3.o
        76          4          0          0          0        541   rt_event.o
       442         30          0          0         48       3794   rt_list.o
       192          4          0          0          0        605   rt_mailbox.o
       128          0          0          0          0       1489   rt_membox.o
       288         12          0          0          0       1601   rt_mutex.o
        52          6          0          0          0        453   rt_semaphore.o
       258         42          0          8          0       2962   rt_system.o
       868        152          0          8         48       6674   rt_task.o
         6          0          0          4          0        504   rt_time.o
        64          8          0          8          0        583   rt_timer.o
         8          0          0          0          0         68   __main.o
        52          8          0          0          0          0   __scatter.o
        26          0          0          0          0          0   __scatter_copy.o
        28          0          0          0          0          0   __scatter_zi.o
        10          0          0          0          0         68   defsig_exit.o
        50          0          0          0          0         88   defsig_general.o
        80         58          0          0          0         76   defsig_rtmem_inner.o
        14          0          0          0          0         80   defsig_rtmem_outer.o
        12          0          0          0          0         72   exit.o
       158          0          0          0          0        128   h1_alloc_mt.o
        64          0          0          0          0         80   h1_extend_mt.o
       118          0          0          0          0        108   h1_free_mt.o
        18          0          0          0          0         84   h1_init_mt.o
         6          0          0          0          0        152   heapauxi.o
         4          0          0          0          0        136   hguard.o
       138          0          0          0          0        168   init_alloc.o
         2          0          0          0          0          0   libinit.o
        10          0          0          0          0          0   libinit2.o
         2          0          0          0          0          0   libshutdown.o
         2          0          0          0          0          0   libshutdown2.o
         8          4          0          0         96         68   libspace.o
       238          0          0          0          0        100   lludivv7m.o
         0          0          0          0          0          0   maybetermalloc1.o
        10          0          0          0          0         76   rt_heap_descriptor_twolibspace.o
         0          0          0          0          0          0   rtentry.o
        12          0          0          0          0          0   rtentry2.o
         6          0          0          0          0          0   rtentry4.o
         2          0          0          0          0          0   rtexit.o
        10          0          0          0          0          0   rtexit2.o
        74          0          0          0          0         80   sys_stackheap_outer.o
         2          0          0          0          0         68   use_no_semi.o

    ----------------------------------------------------------------------
      4072        388          0         32        196      23507   Library Totals
        14          0          0          3          4          0   (incl. Padding)

    ----------------------------------------------------------------------

      Code (inc. data)   RO Data    RW Data    ZI Data      Debug   Library Name

      2894        318          0         29         96      21807   RTX_CM3.LIB
      1164         70          0          0         96       1700   c_w.l

    ----------------------------------------------------------------------
      4072        388          0         32        196      23507   Library Totals

    ----------------------------------------------------------------------

==============================================================================


      Code (inc. data)   RO Data    RW Data    ZI Data      Debug   

     11372        810       6548        128      32496     142304   Grand Totals
     11372        810       6548        128      32496     142304   ELF Image Totals
     11372        810       6548        128          0          0   ROM Totals

==============================================================================

    Total RO  Size (Code + RO Data)                17920 (  17.50kB)
    Total RW  Size (RW Data + ZI Data)             32624 (  31.86kB)
    Total ROM Size (Code + RO Data + RW Data)      18048 (  17.63kB)

==============================================================================

